<html>
<body>
<pre>
<h1>µVision Build Log</h1>
<h2>Tool Versions:</h2>
IDE-Version: µVision V5.38.0.0
Copyright (C) 2022 ARM Ltd and ARM Germany GmbH. All rights reserved.
License Information: purduerobomaster purduerobomaster, purduerobomaster, LIC=D0D7S-LQ4Q8-30TNC-7ESGH-G89HK-2VFB5
 
Tool Versions:
Toolchain:       MDK-ARM Plus  Version: 5.38.0.0
Toolchain Path:  C:\Keil_v5\ARM\ARMCC\Bin
C Compiler:      Armcc.exe V5.06 update 7 (build 960)
Assembler:       Armasm.exe V5.06 update 7 (build 960)
Linker/Locator:  ArmLink.exe V5.06 update 7 (build 960)
Library Manager: ArmAr.exe V5.06 update 7 (build 960)
Hex Converter:   FromElf.exe V5.06 update 7 (build 960)
CPU DLL:         SARMCM3.DLL V5.38.0.0
Dialog DLL:      DCM.DLL V1.17.5.0
Target DLL:      STLink\ST-LINKIII-KEIL_SWO.dll V3.1.0.0
Dialog DLL:      TCM.DLL V1.56.4.0
 
<h2>Project:</h2>
C:\Users\purdu\Desktop\Super Cap special folder\PurdueRMSuperCap\Code\SuperCapCodeG4Bi\MDK-ARM\SuperCapCodeG4.uvprojx
Project File Date:  06/11/2024

<h2>Output:</h2>
*** Using Compiler 'V5.06 update 7 (build 960)', folder: 'C:\Keil_v5\ARM\ARMCC\Bin'
Build target 'SuperCapCodeG4'
Note: source file '..\Core\Src\supercap.c' - object file renamed from 'SuperCapCodeG4\supercap.o' to 'SuperCapCodeG4\supercap_1.o'.
compiling fdcan.c...
compiling main.c...
../Core/Inc/supercap.h(78): warning:  #1295-D: Deprecated declaration TIM2_NVIC - give arg types
  void TIM2_NVIC();
../Core/Inc/supercap.h(79): warning:  #1295-D: Deprecated declaration TIM5_NVIC - give arg types
  void TIM5_NVIC();
../Core/Inc/supercap.h(94): warning:  #1295-D: Deprecated declaration Supercap_FSM - give arg types
  void Supercap_FSM();
../Core/Inc/supercap.h(97): warning:  #1295-D: Deprecated declaration Supercap_PWM_GND - give arg types
  void Supercap_PWM_GND();
../Core/Inc/supercap.h(98): warning:  #1295-D: Deprecated declaration Supercap_DCDC_Start - give arg types
  void Supercap_DCDC_Start();
../Core/Inc/supercap.h(99): warning:  #1295-D: Deprecated declaration Supercap_DCDC_Stop - give arg types
  void Supercap_DCDC_Stop();
../Core/Inc/supercap.h(100): warning:  #1295-D: Deprecated declaration Supercap_AUX_Init - give arg types
  void Supercap_AUX_Init();
../Core/Src/main.c(220): warning:  #111-D: statement is unreachable
  	HAL_ADCEx_Calibration_Start(&hadc1, ADC_SINGLE_ENDED);
../Core/Src/main.c(253): warning:  #68-D: integer conversion resulted in a change of sign
    uint16_t notes2[] = {6, 5, 5, 1, 2, 3, 3, 2, 1, -6};
../Core/Src/main.c(126): warning:  #177-D: variable "tail"  was declared but never referenced
    char tail[4] = {0x00, 0x00, 0x80, 0x7f};
../Core/Src/main.c(139): warning:  #177-D: variable "temp"  was declared but never referenced
  	float temp;
../Core/Src/main.c(140): warning:  #177-D: variable "data_array"  was declared but never referenced
    float data_array[7];
../Core/Src/main.c: 12 warnings, 0 errors
compiling supercap.c...
../Core/Inc/supercap.h(78): warning:  #1295-D: Deprecated declaration TIM2_NVIC - give arg types
  void TIM2_NVIC();
../Core/Inc/supercap.h(79): warning:  #1295-D: Deprecated declaration TIM5_NVIC - give arg types
  void TIM5_NVIC();
../Core/Inc/supercap.h(94): warning:  #1295-D: Deprecated declaration Supercap_FSM - give arg types
  void Supercap_FSM();
../Core/Inc/supercap.h(97): warning:  #1295-D: Deprecated declaration Supercap_PWM_GND - give arg types
  void Supercap_PWM_GND();
../Core/Inc/supercap.h(98): warning:  #1295-D: Deprecated declaration Supercap_DCDC_Start - give arg types
  void Supercap_DCDC_Start();
../Core/Inc/supercap.h(99): warning:  #1295-D: Deprecated declaration Supercap_DCDC_Stop - give arg types
  void Supercap_DCDC_Stop();
../Core/Inc/supercap.h(100): warning:  #1295-D: Deprecated declaration Supercap_AUX_Init - give arg types
  void Supercap_AUX_Init();
..\Core\Src\supercap.c(376): warning:  #1-D: last line of file ends without a newline
  }
..\Core\Src\supercap.c: 8 warnings, 0 errors
linking...
Program Size: Code=18600 RO-data=584 RW-data=100 ZI-data=3340  
FromELF: creating hex file...
"SuperCapCodeG4\SuperCapCodeG4.axf" - 0 Error(s), 20 Warning(s).

<h2>Software Packages used:</h2>

Package Vendor: ARM
                http://www.keil.com/pack/ARM.CMSIS.5.9.0.pack
                ARM.CMSIS.5.9.0
                CMSIS (Common Microcontroller Software Interface Standard)
   * Component: CORE Version: 5.6.0

Package Vendor: Keil
                https://www.keil.com/pack/Keil.STM32G4xx_DFP.1.5.0.pack
                Keil.STM32G4xx_DFP.1.5.0
                STMicroelectronics STM32G4 Series Device Support, Drivers and Examples

<h2>Collection of Component include folders:</h2>
  ./RTE/_SuperCapCodeG4
  C:/Users/purdu/AppData/Local/Arm/Packs/ARM/CMSIS/5.9.0/CMSIS/Core/Include
  C:/Users/purdu/AppData/Local/Arm/Packs/Keil/STM32G4xx_DFP/1.5.0/Drivers/CMSIS/Device/ST/STM32G4xx/Include

<h2>Collection of Component Files used:</h2>

   * Component: ARM::CMSIS:CORE:5.6.0
      Include file:  CMSIS/Core/Include/tz_context.h
Build Time Elapsed:  00:00:05
</pre>
</body>
</html>
