Component: ARM Compiler 5.06 update 7 (build 960) Tool: armlink [4d3601]

==============================================================================

Section Cross References

    startup_stm32g473xx.o(RESET) refers to startup_stm32g473xx.o(STACK) for __initial_sp
    startup_stm32g473xx.o(RESET) refers to startup_stm32g473xx.o(.text) for Reset_Handler
    startup_stm32g473xx.o(RESET) refers to stm32g4xx_it.o(i.NMI_Handler) for NMI_Handler
    startup_stm32g473xx.o(RESET) refers to stm32g4xx_it.o(i.HardFault_Handler) for HardFault_Handler
    startup_stm32g473xx.o(RESET) refers to stm32g4xx_it.o(i.MemManage_Handler) for MemManage_Handler
    startup_stm32g473xx.o(RESET) refers to stm32g4xx_it.o(i.BusFault_Handler) for BusFault_Handler
    startup_stm32g473xx.o(RESET) refers to stm32g4xx_it.o(i.UsageFault_Handler) for UsageFault_Handler
    startup_stm32g473xx.o(RESET) refers to stm32g4xx_it.o(i.SVC_Handler) for SVC_Handler
    startup_stm32g473xx.o(RESET) refers to stm32g4xx_it.o(i.DebugMon_Handler) for DebugMon_Handler
    startup_stm32g473xx.o(RESET) refers to stm32g4xx_it.o(i.PendSV_Handler) for PendSV_Handler
    startup_stm32g473xx.o(RESET) refers to stm32g4xx_it.o(i.SysTick_Handler) for SysTick_Handler
    startup_stm32g473xx.o(RESET) refers to stm32g4xx_it.o(i.TIM2_IRQHandler) for TIM2_IRQHandler
    startup_stm32g473xx.o(RESET) refers to stm32g4xx_it.o(i.TIM5_IRQHandler) for TIM5_IRQHandler
    startup_stm32g473xx.o(.text) refers to system_stm32g4xx.o(i.SystemInit) for SystemInit
    startup_stm32g473xx.o(.text) refers to entry.o(.ARM.Collect$$$$00000000) for __main
    main.o(i.SystemClock_Config) refers to memseta.o(.text) for __aeabi_memclr4
    main.o(i.SystemClock_Config) refers to stm32g4xx_hal_pwr_ex.o(i.HAL_PWREx_ControlVoltageScaling) for HAL_PWREx_ControlVoltageScaling
    main.o(i.SystemClock_Config) refers to stm32g4xx_hal_rcc.o(i.HAL_RCC_OscConfig) for HAL_RCC_OscConfig
    main.o(i.SystemClock_Config) refers to stm32g4xx_hal_rcc.o(i.HAL_RCC_ClockConfig) for HAL_RCC_ClockConfig
    main.o(i.fputc) refers to stm32g4xx_hal_uart.o(i.HAL_UART_Transmit) for HAL_UART_Transmit
    main.o(i.fputc) refers to usart.o(.bss) for huart3
    main.o(i.main) refers to stm32g4xx_hal.o(i.HAL_Init) for HAL_Init
    main.o(i.main) refers to main.o(i.SystemClock_Config) for SystemClock_Config
    main.o(i.main) refers to gpio.o(i.MX_GPIO_Init) for MX_GPIO_Init
    main.o(i.main) refers to dma.o(i.MX_DMA_Init) for MX_DMA_Init
    main.o(i.main) refers to adc.o(i.MX_ADC1_Init) for MX_ADC1_Init
    main.o(i.main) refers to adc.o(i.MX_ADC2_Init) for MX_ADC2_Init
    main.o(i.main) refers to tim.o(i.MX_TIM1_Init) for MX_TIM1_Init
    main.o(i.main) refers to usart.o(i.MX_USART1_UART_Init) for MX_USART1_UART_Init
    main.o(i.main) refers to usart.o(i.MX_USART2_UART_Init) for MX_USART2_UART_Init
    main.o(i.main) refers to usart.o(i.MX_USART3_UART_Init) for MX_USART3_UART_Init
    main.o(i.main) refers to tim.o(i.MX_TIM3_Init) for MX_TIM3_Init
    main.o(i.main) refers to tim.o(i.MX_TIM4_Init) for MX_TIM4_Init
    main.o(i.main) refers to adc.o(i.MX_ADC4_Init) for MX_ADC4_Init
    main.o(i.main) refers to fdcan.o(i.MX_FDCAN1_Init) for MX_FDCAN1_Init
    main.o(i.main) refers to adc.o(i.MX_ADC5_Init) for MX_ADC5_Init
    main.o(i.main) refers to adc.o(i.MX_ADC3_Init) for MX_ADC3_Init
    main.o(i.main) refers to tim.o(i.MX_TIM2_Init) for MX_TIM2_Init
    main.o(i.main) refers to tim.o(i.MX_TIM5_Init) for MX_TIM5_Init
    main.o(i.main) refers to stm32g4xx_hal_adc_ex.o(i.HAL_ADCEx_Calibration_Start) for HAL_ADCEx_Calibration_Start
    main.o(i.main) refers to stm32g4xx_hal_adc.o(i.HAL_ADC_Start_DMA) for HAL_ADC_Start_DMA
    main.o(i.main) refers to stm32g4xx_hal_uart.o(i.HAL_UART_Transmit_DMA) for HAL_UART_Transmit_DMA
    main.o(i.main) refers to stm32g4xx_hal_tim.o(i.HAL_TIM_Base_Start) for HAL_TIM_Base_Start
    main.o(i.main) refers to supercap_1.o(i.Supercap_AUX_Init) for Supercap_AUX_Init
    main.o(i.main) refers to memcpya.o(.text) for __aeabi_memcpy4
    main.o(i.main) refers to supercap_1.o(i.Supercap_AUX_Buzzer) for Supercap_AUX_Buzzer
    main.o(i.main) refers to stm32g4xx_hal.o(i.HAL_Delay) for HAL_Delay
    main.o(i.main) refers to supercap_1.o(i.Supercap_Function_Init) for Supercap_Function_Init
    main.o(i.main) refers to supercap_1.o(i.Supercap_PID_Init) for Supercap_PID_Init
    main.o(i.main) refers to stm32g4xx_hal_tim.o(i.HAL_TIM_Base_Start_IT) for HAL_TIM_Base_Start_IT
    main.o(i.main) refers to supercap_1.o(i.Supercap_ADC_to_Current_Funtion) for Supercap_ADC_to_Current_Funtion
    main.o(i.main) refers to supercap_1.o(i.Supercap_ADC_to_Voltage_Funtion) for Supercap_ADC_to_Voltage_Funtion
    main.o(i.main) refers to main.o(.data) for .data
    main.o(i.main) refers to main.o(.bss) for .bss
    main.o(i.main) refers to adc.o(.bss) for hadc1
    main.o(i.main) refers to usart.o(.bss) for huart3
    main.o(i.main) refers to tim.o(.bss) for htim1
[...]
    ../clib/microlib/init/entry.s            0x00000000   Number         0  entry11b.o ABSOLUTE
    ../clib/microlib/init/entry.s            0x00000000   Number         0  entry11a.o ABSOLUTE
    ../clib/microlib/init/entry.s            0x00000000   Number         0  entry5.o ABSOLUTE
    ../clib/microlib/init/entry.s            0x00000000   Number         0  entry10b.o ABSOLUTE
    ../clib/microlib/init/entry.s            0x00000000   Number         0  entry7a.o ABSOLUTE
    ../clib/microlib/init/entry.s            0x00000000   Number         0  entry7b.o ABSOLUTE
    ../clib/microlib/init/entry.s            0x00000000   Number         0  entry8a.o ABSOLUTE
    ../clib/microlib/init/entry.s            0x00000000   Number         0  entry10a.o ABSOLUTE
    ../clib/microlib/init/entry.s            0x00000000   Number         0  entry8b.o ABSOLUTE
    ../clib/microlib/init/entry.s            0x00000000   Number         0  entry9a.o ABSOLUTE
    ../clib/microlib/init/entry.s            0x00000000   Number         0  entry.o ABSOLUTE
    ../clib/microlib/init/entry.s            0x00000000   Number         0  entry9b.o ABSOLUTE
    ../clib/microlib/longlong.c              0x00000000   Number         0  llshl.o ABSOLUTE
    ../clib/microlib/longlong.c              0x00000000   Number         0  llushr.o ABSOLUTE
    ../clib/microlib/string/memcpy.c         0x00000000   Number         0  memcpyb.o ABSOLUTE
    ../clib/microlib/string/memcpy.c         0x00000000   Number         0  memcpya.o ABSOLUTE
    ../clib/microlib/string/memset.c         0x00000000   Number         0  memseta.o ABSOLUTE
    ..\Core\Src\Kalman_Filter.c              0x00000000   Number         0  kalman_filter.o ABSOLUTE
    ..\Core\Src\adc.c                        0x00000000   Number         0  adc.o ABSOLUTE
    ..\Core\Src\dma.c                        0x00000000   Number         0  dma.o ABSOLUTE
    ..\Core\Src\fdcan.c                      0x00000000   Number         0  fdcan.o ABSOLUTE
    ..\Core\Src\gpio.c                       0x00000000   Number         0  gpio.o ABSOLUTE
    ..\Core\Src\main.c                       0x00000000   Number         0  main.o ABSOLUTE
    ..\Core\Src\stm32g4xx_hal_msp.c          0x00000000   Number         0  stm32g4xx_hal_msp.o ABSOLUTE
    ..\Core\Src\stm32g4xx_it.c               0x00000000   Number         0  stm32g4xx_it.o ABSOLUTE
    ..\Core\Src\supercap.c                   0x00000000   Number         0  supercap_1.o ABSOLUTE
    ..\Core\Src\system_stm32g4xx.c           0x00000000   Number         0  system_stm32g4xx.o ABSOLUTE
    ..\Core\Src\tim.c                        0x00000000   Number         0  tim.o ABSOLUTE
    ..\Core\Src\usart.c                      0x00000000   Number         0  usart.o ABSOLUTE
    ..\Drivers\STM32G4xx_HAL_Driver\Src\stm32g4xx_hal.c 0x00000000   Number         0  stm32g4xx_hal.o ABSOLUTE
    ..\Drivers\STM32G4xx_HAL_Driver\Src\stm32g4xx_hal_adc.c 0x00000000   Number         0  stm32g4xx_hal_adc.o ABSOLUTE
    ..\Drivers\STM32G4xx_HAL_Driver\Src\stm32g4xx_hal_adc_ex.c 0x00000000   Number         0  stm32g4xx_hal_adc_ex.o ABSOLUTE
    ..\Drivers\STM32G4xx_HAL_Driver\Src\stm32g4xx_hal_cortex.c 0x00000000   Number         0  stm32g4xx_hal_cortex.o ABSOLUTE
    ..\Drivers\STM32G4xx_HAL_Driver\Src\stm32g4xx_hal_dma.c 0x00000000   Number         0  stm32g4xx_hal_dma.o ABSOLUTE
    ..\Drivers\STM32G4xx_HAL_Driver\Src\stm32g4xx_hal_dma_ex.c 0x00000000   Number         0  stm32g4xx_hal_dma_ex.o ABSOLUTE
    ..\Drivers\STM32G4xx_HAL_Driver\Src\stm32g4xx_hal_exti.c 0x00000000   Number         0  stm32g4xx_hal_exti.o ABSOLUTE
    ..\Drivers\STM32G4xx_HAL_Driver\Src\stm32g4xx_hal_fdcan.c 0x00000000   Number         0  stm32g4xx_hal_fdcan.o ABSOLUTE
    ..\Drivers\STM32G4xx_HAL_Driver\Src\stm32g4xx_hal_flash.c 0x00000000   Number         0  stm32g4xx_hal_flash.o ABSOLUTE
    ..\Drivers\STM32G4xx_HAL_Driver\Src\stm32g4xx_hal_flash_ex.c 0x00000000   Number         0  stm32g4xx_hal_flash_ex.o ABSOLUTE
    ..\Drivers\STM32G4xx_HAL_Driver\Src\stm32g4xx_hal_flash_ramfunc.c 0x00000000   Number         0  stm32g4xx_hal_flash_ramfunc.o ABSOLUTE
    ..\Drivers\STM32G4xx_HAL_Driver\Src\stm32g4xx_hal_gpio.c 0x00000000   Number         0  stm32g4xx_hal_gpio.o ABSOLUTE
    ..\Drivers\STM32G4xx_HAL_Driver\Src\stm32g4xx_hal_pwr.c 0x00000000   Number         0  stm32g4xx_hal_pwr.o ABSOLUTE
    ..\Drivers\STM32G4xx_HAL_Driver\Src\stm32g4xx_hal_pwr_ex.c 0x00000000   Number         0  stm32g4xx_hal_pwr_ex.o ABSOLUTE
    ..\Drivers\STM32G4xx_HAL_Driver\Src\stm32g4xx_hal_rcc.c 0x00000000   Number         0  stm32g4xx_hal_rcc.o ABSOLUTE
    ..\Drivers\STM32G4xx_HAL_Driver\Src\stm32g4xx_hal_rcc_ex.c 0x00000000   Number         0  stm32g4xx_hal_rcc_ex.o ABSOLUTE
    ..\Drivers\STM32G4xx_HAL_Driver\Src\stm32g4xx_hal_tim.c 0x00000000   Number         0  stm32g4xx_hal_tim.o ABSOLUTE
    ..\Drivers\STM32G4xx_HAL_Driver\Src\stm32g4xx_hal_tim_ex.c 0x00000000   Number         0  stm32g4xx_hal_tim_ex.o ABSOLUTE
    ..\Drivers\STM32G4xx_HAL_Driver\Src\stm32g4xx_hal_uart.c 0x00000000   Number         0  stm32g4xx_hal_uart.o ABSOLUTE
    ..\Drivers\STM32G4xx_HAL_Driver\Src\stm32g4xx_hal_uart_ex.c 0x00000000   Number         0  stm32g4xx_hal_uart_ex.o ABSOLUTE
    ..\\Core\\Src\\supercap.c                0x00000000   Number         0  supercap_1.o ABSOLUTE
    dc.s                                     0x00000000   Number         0  dc.o ABSOLUTE
    handlers.s                               0x00000000   Number         0  handlers.o ABSOLUTE
    init.s                                   0x00000000   Number         0  init.o ABSOLUTE
    startup_stm32g473xx.s                    0x00000000   Number         0  startup_stm32g473xx.o ABSOLUTE
    RESET                                    0x08000000   Section      472  startup_stm32g473xx.o(RESET)
    .ARM.Collect$$$$00000000                 0x080001d8   Section        0  entry.o(.ARM.Collect$$$$00000000)
    .ARM.Collect$$$$00000001                 0x080001d8   Section        4  entry2.o(.ARM.Collect$$$$00000001)
    .ARM.Collect$$$$00000004                 0x080001dc   Section        4  entry5.o(.ARM.Collect$$$$00000004)
    .ARM.Collect$$$$00000008                 0x080001e0   Section        0  entry7b.o(.ARM.Collect$$$$00000008)
    .ARM.Collect$$$$0000000A                 0x080001e0   Section        0  entry8b.o(.ARM.Collect$$$$0000000A)
    .ARM.Collect$$$$0000000B                 0x080001e0   Section        8  entry9a.o(.ARM.Collect$$$$0000000B)
    .ARM.Collect$$$$0000000E                 0x080001e8   Section        4  entry12b.o(.ARM.Collect$$$$0000000E)
    .ARM.Collect$$$$0000000F                 0x080001ec   Section        0  entry10a.o(.ARM.Collect$$$$0000000F)
    .ARM.Collect$$$$00000011                 0x080001ec   Section        0  entry11a.o(.ARM.Collect$$$$00000011)
    .ARM.Collect$$$$00002712                 0x080001ec   Section        4  entry2.o(.ARM.Collect$$$$00002712)
    __lit__00000000                          0x080001ec   Data           4  entry2.o(.ARM.Collect$$$$00002712)
    .text                                    0x080001f0   Section       36  startup_stm32g473xx.o(.text)
    $v0                                      0x080001f0   Number         0  startup_stm32g473xx.o(.text)
    .text                                    0x08000214   Section        0  uldiv.o(.text)
    .text                                    0x08000276   Section        0  memcpya.o(.text)
    .text                                    0x0800029a   Section        0  memseta.o(.text)
    .text                                    0x080002be   Section        0  llshl.o(.text)
    .text                                    0x080002dc   Section        0  llushr.o(.text)
    .text                                    0x080002fc   Section       36  init.o(.text)
    i.ADC_DMAConvCplt                        0x08000320   Section        0  stm32g4xx_hal_adc.o(i.ADC_DMAConvCplt)
    i.ADC_DMAError                           0x08000388   Section        0  stm32g4xx_hal_adc.o(i.ADC_DMAError)
    i.ADC_DMAHalfConvCplt                    0x080003a2   Section        0  stm32g4xx_hal_adc.o(i.ADC_DMAHalfConvCplt)
    i.ADC_Disable                            0x080003ac   Section        0  stm32g4xx_hal_adc.o(i.ADC_Disable)
    i.ADC_Enable                             0x0800041c   Section        0  stm32g4xx_hal_adc.o(i.ADC_Enable)
    i.BusFault_Handler                       0x080004e0   Section        0  stm32g4xx_it.o(i.BusFault_Handler)
    i.DMA_CalcDMAMUXChannelBaseAndMask       0x080004e4   Section        0  stm32g4xx_hal_dma.o(i.DMA_CalcDMAMUXChannelBaseAndMask)
    DMA_CalcDMAMUXChannelBaseAndMask         0x080004e5   Thumb Code    54  stm32g4xx_hal_dma.o(i.DMA_CalcDMAMUXChannelBaseAndMask)
    i.DMA_CalcDMAMUXRequestGenBaseAndMask    0x08000524   Section        0  stm32g4xx_hal_dma.o(i.DMA_CalcDMAMUXRequestGenBaseAndMask)
    DMA_CalcDMAMUXRequestGenBaseAndMask      0x08000525   Thumb Code    30  stm32g4xx_hal_dma.o(i.DMA_CalcDMAMUXRequestGenBaseAndMask)
    i.DMA_SetConfig                          0x08000548   Section        0  stm32g4xx_hal_dma.o(i.DMA_SetConfig)
    DMA_SetConfig                            0x08000549   Thumb Code    62  stm32g4xx_hal_dma.o(i.DMA_SetConfig)
    i.DebugMon_Handler                       0x08000586   Section        0  stm32g4xx_it.o(i.DebugMon_Handler)
    i.Error_Handler                          0x08000588   Section        0  main.o(i.Error_Handler)
    i.HAL_ADCEx_Calibration_Start            0x0800058c   Section        0  stm32g4xx_hal_adc_ex.o(i.HAL_ADCEx_Calibration_Start)
    i.HAL_ADCEx_MultiModeConfigChannel       0x08000620   Section        0  stm32g4xx_hal_adc_ex.o(i.HAL_ADCEx_MultiModeConfigChannel)
    i.HAL_ADC_ConfigChannel                  0x08000780   Section        0  stm32g4xx_hal_adc.o(i.HAL_ADC_ConfigChannel)
    i.HAL_ADC_ConvCpltCallback               0x08000bec   Section        0  stm32g4xx_hal_adc.o(i.HAL_ADC_ConvCpltCallback)
    i.HAL_ADC_ConvHalfCpltCallback           0x08000bee   Section        0  stm32g4xx_hal_adc.o(i.HAL_ADC_ConvHalfCpltCallback)
    i.HAL_ADC_ErrorCallback                  0x08000bf0   Section        0  stm32g4xx_hal_adc.o(i.HAL_ADC_ErrorCallback)
    i.HAL_ADC_Init                           0x08000bf4   Section        0  stm32g4xx_hal_adc.o(i.HAL_ADC_Init)
    i.HAL_ADC_MspInit                        0x08000e24   Section        0  adc.o(i.HAL_ADC_MspInit)
    i.HAL_ADC_Start_DMA                      0x08001148   Section        0  stm32g4xx_hal_adc.o(i.HAL_ADC_Start_DMA)
    i.HAL_DMA_Init                           0x08001274   Section        0  stm32g4xx_hal_dma.o(i.HAL_DMA_Init)
    i.HAL_DMA_Start_IT                       0x08001334   Section        0  stm32g4xx_hal_dma.o(i.HAL_DMA_Start_IT)
    i.HAL_Delay                              0x080013c0   Section        0  stm32g4xx_hal.o(i.HAL_Delay)
    i.HAL_FDCAN_Init                         0x080013e4   Section        0  stm32g4xx_hal_fdcan.o(i.HAL_FDCAN_Init)
    i.HAL_FDCAN_MspInit                      0x080015fc   Section        0  fdcan.o(i.HAL_FDCAN_MspInit)
    i.HAL_GPIO_Init                          0x08001678   Section        0  stm32g4xx_hal_gpio.o(i.HAL_GPIO_Init)
    i.HAL_GPIO_WritePin                      0x080018c0   Section        0  stm32g4xx_hal_gpio.o(i.HAL_GPIO_WritePin)
    i.HAL_GetTick                            0x080018cc   Section        0  stm32g4xx_hal.o(i.HAL_GetTick)
    i.HAL_IncTick                            0x080018d8   Section        0  stm32g4xx_hal.o(i.HAL_IncTick)
    i.HAL_Init                               0x080018e8   Section        0  stm32g4xx_hal.o(i.HAL_Init)
    i.HAL_InitTick                           0x08001908   Section        0  stm32g4xx_hal.o(i.HAL_InitTick)
    i.HAL_MspInit                            0x0800194c   Section        0  stm32g4xx_hal_msp.o(i.HAL_MspInit)
    i.HAL_NVIC_EnableIRQ                     0x0800197c   Section        0  stm32g4xx_hal_cortex.o(i.HAL_NVIC_EnableIRQ)
    i.HAL_NVIC_SetPriority                   0x08001998   Section        0  stm32g4xx_hal_cortex.o(i.HAL_NVIC_SetPriority)
    i.HAL_NVIC_SetPriorityGrouping           0x080019d8   Section        0  stm32g4xx_hal_cortex.o(i.HAL_NVIC_SetPriorityGrouping)
    i.HAL_PWREx_ControlVoltageScaling        0x080019fc   Section        0  stm32g4xx_hal_pwr_ex.o(i.HAL_PWREx_ControlVoltageScaling)
    i.HAL_PWREx_DisableUCPDDeadBattery       0x08001ab8   Section        0  stm32g4xx_hal_pwr_ex.o(i.HAL_PWREx_DisableUCPDDeadBattery)
    i.HAL_RCCEx_PeriphCLKConfig              0x08001ac8   Section        0  stm32g4xx_hal_rcc_ex.o(i.HAL_RCCEx_PeriphCLKConfig)
    i.HAL_RCC_ClockConfig                    0x08001dc8   Section        0  stm32g4xx_hal_rcc.o(i.HAL_RCC_ClockConfig)
    i.HAL_RCC_GetPCLK1Freq                   0x08001fa4   Section        0  stm32g4xx_hal_rcc.o(i.HAL_RCC_GetPCLK1Freq)
    i.HAL_RCC_GetPCLK2Freq                   0x08001fc8   Section        0  stm32g4xx_hal_rcc.o(i.HAL_RCC_GetPCLK2Freq)
    i.HAL_RCC_GetSysClockFreq                0x08001fec   Section        0  stm32g4xx_hal_rcc.o(i.HAL_RCC_GetSysClockFreq)
    i.HAL_RCC_OscConfig                      0x0800205c   Section        0  stm32g4xx_hal_rcc.o(i.HAL_RCC_OscConfig)
    i.HAL_SYSTICK_Config                     0x08002460   Section        0  stm32g4xx_hal_cortex.o(i.HAL_SYSTICK_Config)
    i.HAL_TIMEx_Break2Callback               0x08002488   Section        0  stm32g4xx_hal_tim_ex.o(i.HAL_TIMEx_Break2Callback)
    i.HAL_TIMEx_BreakCallback                0x0800248a   Section        0  stm32g4xx_hal_tim_ex.o(i.HAL_TIMEx_BreakCallback)
    i.HAL_TIMEx_CommutCallback               0x0800248c   Section        0  stm32g4xx_hal_tim_ex.o(i.HAL_TIMEx_CommutCallback)
    i.HAL_TIMEx_ConfigBreakDeadTime          0x08002490   Section        0  stm32g4xx_hal_tim_ex.o(i.HAL_TIMEx_ConfigBreakDeadTime)
    i.HAL_TIMEx_DirectionChangeCallback      0x08002538   Section        0  stm32g4xx_hal_tim_ex.o(i.HAL_TIMEx_DirectionChangeCallback)
    i.HAL_TIMEx_EncoderIndexCallback         0x0800253a   Section        0  stm32g4xx_hal_tim_ex.o(i.HAL_TIMEx_EncoderIndexCallback)
    i.HAL_TIMEx_IndexErrorCallback           0x0800253c   Section        0  stm32g4xx_hal_tim_ex.o(i.HAL_TIMEx_IndexErrorCallback)
    i.HAL_TIMEx_MasterConfigSynchronization  0x08002540   Section        0  stm32g4xx_hal_tim_ex.o(i.HAL_TIMEx_MasterConfigSynchronization)
    i.HAL_TIMEx_PWMN_Start                   0x080025f8   Section        0  stm32g4xx_hal_tim_ex.o(i.HAL_TIMEx_PWMN_Start)
    i.HAL_TIMEx_PWMN_Stop                    0x080026c4   Section        0  stm32g4xx_hal_tim_ex.o(i.HAL_TIMEx_PWMN_Stop)
    i.HAL_TIMEx_TransitionErrorCallback      0x0800272c   Section        0  stm32g4xx_hal_tim_ex.o(i.HAL_TIMEx_TransitionErrorCallback)
    i.HAL_TIM_Base_Init                      0x0800272e   Section        0  stm32g4xx_hal_tim.o(i.HAL_TIM_Base_Init)
    i.HAL_TIM_Base_MspInit                   0x08002790   Section        0  tim.o(i.HAL_TIM_Base_MspInit)
    i.HAL_TIM_Base_Start                     0x080027f0   Section        0  stm32g4xx_hal_tim.o(i.HAL_TIM_Base_Start)
    i.HAL_TIM_Base_Start_IT                  0x08002870   Section        0  stm32g4xx_hal_tim.o(i.HAL_TIM_Base_Start_IT)
    i.HAL_TIM_ConfigClockSource              0x080028fc   Section        0  stm32g4xx_hal_tim.o(i.HAL_TIM_ConfigClockSource)
    i.HAL_TIM_IC_CaptureCallback             0x08002a04   Section        0  stm32g4xx_hal_tim.o(i.HAL_TIM_IC_CaptureCallback)
    i.HAL_TIM_IRQHandler                     0x08002a06   Section        0  stm32g4xx_hal_tim.o(i.HAL_TIM_IRQHandler)
    i.HAL_TIM_MspPostInit                    0x08002ba8   Section        0  tim.o(i.HAL_TIM_MspPostInit)
    i.HAL_TIM_OC_DelayElapsedCallback        0x08002cac   Section        0  stm32g4xx_hal_tim.o(i.HAL_TIM_OC_DelayElapsedCallback)
    i.HAL_TIM_PWM_ConfigChannel              0x08002cae   Section        0  stm32g4xx_hal_tim.o(i.HAL_TIM_PWM_ConfigChannel)
    i.HAL_TIM_PWM_Init                       0x08002dd2   Section        0  stm32g4xx_hal_tim.o(i.HAL_TIM_PWM_Init)
    i.HAL_TIM_PWM_MspInit                    0x08002e34   Section        0  tim.o(i.HAL_TIM_PWM_MspInit)
    i.HAL_TIM_PWM_PulseFinishedCallback      0x08002e90   Section        0  stm32g4xx_hal_tim.o(i.HAL_TIM_PWM_PulseFinishedCallback)
    i.HAL_TIM_PWM_Start                      0x08002e94   Section        0  stm32g4xx_hal_tim.o(i.HAL_TIM_PWM_Start)
    i.HAL_TIM_PWM_Stop                       0x08002fa8   Section        0  stm32g4xx_hal_tim.o(i.HAL_TIM_PWM_Stop)
    i.HAL_TIM_PeriodElapsedCallback          0x08003060   Section        0  supercap_1.o(i.HAL_TIM_PeriodElapsedCallback)
    i.HAL_TIM_TriggerCallback                0x080030b0   Section        0  stm32g4xx_hal_tim.o(i.HAL_TIM_TriggerCallback)
    i.HAL_UARTEx_DisableFifoMode             0x080030b2   Section        0  stm32g4xx_hal_uart_ex.o(i.HAL_UARTEx_DisableFifoMode)
    i.HAL_UARTEx_SetRxFifoThreshold          0x080030f0   Section        0  stm32g4xx_hal_uart_ex.o(i.HAL_UARTEx_SetRxFifoThreshold)
    i.HAL_UARTEx_SetTxFifoThreshold          0x0800313c   Section        0  stm32g4xx_hal_uart_ex.o(i.HAL_UARTEx_SetTxFifoThreshold)
    i.HAL_UART_ErrorCallback                 0x08003188   Section        0  stm32g4xx_hal_uart.o(i.HAL_UART_ErrorCallback)
    i.HAL_UART_Init                          0x0800318a   Section        0  stm32g4xx_hal_uart.o(i.HAL_UART_Init)
    i.HAL_UART_MspInit                       0x080031f4   Section        0  usart.o(i.HAL_UART_MspInit)
    i.HAL_UART_Transmit_DMA                  0x08003354   Section        0  stm32g4xx_hal_uart.o(i.HAL_UART_Transmit_DMA)
    i.HAL_UART_TxCpltCallback                0x080033e4   Section        0  stm32g4xx_hal_uart.o(i.HAL_UART_TxCpltCallback)
    i.HAL_UART_TxHalfCpltCallback            0x080033e6   Section        0  stm32g4xx_hal_uart.o(i.HAL_UART_TxHalfCpltCallback)
    i.HardFault_Handler                      0x080033e8   Section        0  stm32g4xx_it.o(i.HardFault_Handler)
    i.LL_ADC_GetOffsetChannel                0x080033ea   Section        0  stm32g4xx_hal_adc.o(i.LL_ADC_GetOffsetChannel)
    LL_ADC_GetOffsetChannel                  0x080033eb   Thumb Code    12  stm32g4xx_hal_adc.o(i.LL_ADC_GetOffsetChannel)
    i.LL_ADC_INJ_IsConversionOngoing         0x080033f6   Section        0  stm32g4xx_hal_adc.o(i.LL_ADC_INJ_IsConversionOngoing)
    LL_ADC_INJ_IsConversionOngoing           0x080033f7   Thumb Code     8  stm32g4xx_hal_adc.o(i.LL_ADC_INJ_IsConversionOngoing)
    i.LL_ADC_REG_IsConversionOngoing         0x080033fe   Section        0  stm32g4xx_hal_adc.o(i.LL_ADC_REG_IsConversionOngoing)
    LL_ADC_REG_IsConversionOngoing           0x080033ff   Thumb Code     8  stm32g4xx_hal_adc.o(i.LL_ADC_REG_IsConversionOngoing)
    i.LL_ADC_REG_IsConversionOngoing         0x08003406   Section        0  stm32g4xx_hal_adc_ex.o(i.LL_ADC_REG_IsConversionOngoing)
    LL_ADC_REG_IsConversionOngoing           0x08003407   Thumb Code     8  stm32g4xx_hal_adc_ex.o(i.LL_ADC_REG_IsConversionOngoing)
    i.LL_ADC_REG_IsTriggerSourceSWStart      0x0800340e   Section        0  stm32g4xx_hal_adc.o(i.LL_ADC_REG_IsTriggerSourceSWStart)
    LL_ADC_REG_IsTriggerSourceSWStart        0x0800340f   Thumb Code    16  stm32g4xx_hal_adc.o(i.LL_ADC_REG_IsTriggerSourceSWStart)
    i.LL_ADC_SetChannelSamplingTime          0x0800341e   Section        0  stm32g4xx_hal_adc.o(i.LL_ADC_SetChannelSamplingTime)
    LL_ADC_SetChannelSamplingTime            0x0800341f   Thumb Code    30  stm32g4xx_hal_adc.o(i.LL_ADC_SetChannelSamplingTime)
    i.LL_ADC_SetOffsetState                  0x0800343c   Section        0  stm32g4xx_hal_adc.o(i.LL_ADC_SetOffsetState)
    LL_ADC_SetOffsetState                    0x0800343d   Thumb Code    16  stm32g4xx_hal_adc.o(i.LL_ADC_SetOffsetState)
    i.MX_ADC1_Init                           0x0800344c   Section        0  adc.o(i.MX_ADC1_Init)
    i.MX_ADC2_Init                           0x080034f8   Section        0  adc.o(i.MX_ADC2_Init)
    i.MX_ADC3_Init                           0x080035ac   Section        0  adc.o(i.MX_ADC3_Init)
    i.MX_ADC4_Init                           0x08003674   Section        0  adc.o(i.MX_ADC4_Init)
    i.MX_ADC5_Init                           0x0800370c   Section        0  adc.o(i.MX_ADC5_Init)
    i.MX_DMA_Init                            0x0800378c   Section        0  dma.o(i.MX_DMA_Init)
    i.MX_FDCAN1_Init                         0x080037c8   Section        0  fdcan.o(i.MX_FDCAN1_Init)
    i.MX_GPIO_Init                           0x08003818   Section        0  gpio.o(i.MX_GPIO_Init)
    i.MX_TIM1_Init                           0x080038b8   Section        0  tim.o(i.MX_TIM1_Init)
    i.MX_TIM2_Init                           0x0800397c   Section        0  tim.o(i.MX_TIM2_Init)
    i.MX_TIM3_Init                           0x080039e4   Section        0  tim.o(i.MX_TIM3_Init)
    i.MX_TIM4_Init                           0x08003a7c   Section        0  tim.o(i.MX_TIM4_Init)
    i.MX_TIM5_Init                           0x08003b00   Section        0  tim.o(i.MX_TIM5_Init)
    i.MX_USART1_UART_Init                    0x08003b68   Section        0  usart.o(i.MX_USART1_UART_Init)
    i.MX_USART2_UART_Init                    0x08003bd0   Section        0  usart.o(i.MX_USART2_UART_Init)
    i.MX_USART3_UART_Init                    0x08003c38   Section        0  usart.o(i.MX_USART3_UART_Init)
    i.MemManage_Handler                      0x08003ca0   Section        0  stm32g4xx_it.o(i.MemManage_Handler)
    i.NMI_Handler                            0x08003ca2   Section        0  stm32g4xx_it.o(i.NMI_Handler)
    i.PendSV_Handler                         0x08003ca4   Section        0  stm32g4xx_it.o(i.PendSV_Handler)
    i.SVC_Handler                            0x08003ca6   Section        0  stm32g4xx_it.o(i.SVC_Handler)
    i.Supercap_ADC_to_Current_Funtion        0x08003ca8   Section        0  supercap_1.o(i.Supercap_ADC_to_Current_Funtion)
    i.Supercap_ADC_to_Voltage_Funtion        0x08003cc0   Section        0  supercap_1.o(i.Supercap_ADC_to_Voltage_Funtion)
    i.Supercap_AUX_BlueLED                   0x08003cec   Section        0  supercap_1.o(i.Supercap_AUX_BlueLED)
    i.Supercap_AUX_Buzzer                    0x08003d00   Section        0  supercap_1.o(i.Supercap_AUX_Buzzer)
    i.Supercap_AUX_Init                      0x08003e80   Section        0  supercap_1.o(i.Supercap_AUX_Init)
    i.Supercap_AUX_MachineSpirit             0x08003ecc   Section        0  supercap_1.o(i.Supercap_AUX_MachineSpirit)
    i.Supercap_AUX_YellowLED                 0x08003ee0   Section        0  supercap_1.o(i.Supercap_AUX_YellowLED)
    i.Supercap_Compare                       0x08003ef8   Section        0  supercap_1.o(i.Supercap_Compare)
    i.Supercap_DCDC_Start                    0x08003f20   Section        0  supercap_1.o(i.Supercap_DCDC_Start)
    i.Supercap_DCDC_Stop                     0x08003f4c   Section        0  supercap_1.o(i.Supercap_DCDC_Stop)
    i.Supercap_FSM                           0x08003f78   Section        0  supercap_1.o(i.Supercap_FSM)
    i.Supercap_First_Order_Filter_ADC_Function_Alpha 0x08004168   Section        0  supercap_1.o(i.Supercap_First_Order_Filter_ADC_Function_Alpha)
    i.Supercap_Function_Init                 0x0800417c   Section        0  supercap_1.o(i.Supercap_Function_Init)
    i.Supercap_Limit                         0x08004184   Section        0  supercap_1.o(i.Supercap_Limit)
    i.Supercap_PID_Controller_Function       0x08004194   Section        0  supercap_1.o(i.Supercap_PID_Controller_Function)
    i.Supercap_PID_Init                      0x0800423a   Section        0  supercap_1.o(i.Supercap_PID_Init)
    i.Supercap_PWM_left                      0x08004248   Section        0  supercap_1.o(i.Supercap_PWM_left)
    i.SysTick_Handler                        0x0800425c   Section        0  stm32g4xx_it.o(i.SysTick_Handler)
    i.SystemClock_Config                     0x08004260   Section        0  main.o(i.SystemClock_Config)
    i.SystemInit                             0x080042cc   Section        0  system_stm32g4xx.o(i.SystemInit)
    i.TIM2_IRQHandler                        0x080042dc   Section        0  stm32g4xx_it.o(i.TIM2_IRQHandler)
    i.TIM2_NVIC                              0x080042e8   Section        0  supercap_1.o(i.TIM2_NVIC)
    i.TIM5_IRQHandler                        0x0800432c   Section        0  stm32g4xx_it.o(i.TIM5_IRQHandler)
    i.TIM5_NVIC                              0x08004338   Section        0  supercap_1.o(i.TIM5_NVIC)
    i.TIM_Base_SetConfig                     0x08004450   Section        0  stm32g4xx_hal_tim.o(i.TIM_Base_SetConfig)
    i.TIM_CCxChannelCmd                      0x08004534   Section        0  stm32g4xx_hal_tim.o(i.TIM_CCxChannelCmd)
    i.TIM_CCxNChannelCmd                     0x0800454e   Section        0  stm32g4xx_hal_tim_ex.o(i.TIM_CCxNChannelCmd)
    TIM_CCxNChannelCmd                       0x0800454f   Thumb Code    26  stm32g4xx_hal_tim_ex.o(i.TIM_CCxNChannelCmd)
    i.TIM_ETR_SetConfig                      0x08004568   Section        0  stm32g4xx_hal_tim.o(i.TIM_ETR_SetConfig)
    i.TIM_ITRx_SetConfig                     0x0800457c   Section        0  stm32g4xx_hal_tim.o(i.TIM_ITRx_SetConfig)
    TIM_ITRx_SetConfig                       0x0800457d   Thumb Code    16  stm32g4xx_hal_tim.o(i.TIM_ITRx_SetConfig)
    i.TIM_OC1_SetConfig                      0x08004590   Section        0  stm32g4xx_hal_tim.o(i.TIM_OC1_SetConfig)
    TIM_OC1_SetConfig                        0x08004591   Thumb Code   144  stm32g4xx_hal_tim.o(i.TIM_OC1_SetConfig)
    i.TIM_OC2_SetConfig                      0x0800463c   Section        0  stm32g4xx_hal_tim.o(i.TIM_OC2_SetConfig)
    i.TIM_OC3_SetConfig                      0x080046dc   Section        0  stm32g4xx_hal_tim.o(i.TIM_OC3_SetConfig)
    TIM_OC3_SetConfig                        0x080046dd   Thumb Code   130  stm32g4xx_hal_tim.o(i.TIM_OC3_SetConfig)
    i.TIM_OC4_SetConfig                      0x0800477c   Section        0  stm32g4xx_hal_tim.o(i.TIM_OC4_SetConfig)
    TIM_OC4_SetConfig                        0x0800477d   Thumb Code   132  stm32g4xx_hal_tim.o(i.TIM_OC4_SetConfig)
    i.TIM_OC5_SetConfig                      0x0800481c   Section        0  stm32g4xx_hal_tim.o(i.TIM_OC5_SetConfig)
    TIM_OC5_SetConfig                        0x0800481d   Thumb Code    92  stm32g4xx_hal_tim.o(i.TIM_OC5_SetConfig)
    i.TIM_OC6_SetConfig                      0x08004894   Section        0  stm32g4xx_hal_tim.o(i.TIM_OC6_SetConfig)
    TIM_OC6_SetConfig                        0x08004895   Thumb Code    94  stm32g4xx_hal_tim.o(i.TIM_OC6_SetConfig)
    i.TIM_TI1_ConfigInputStage               0x08004910   Section        0  stm32g4xx_hal_tim.o(i.TIM_TI1_ConfigInputStage)
    TIM_TI1_ConfigInputStage                 0x08004911   Thumb Code    34  stm32g4xx_hal_tim.o(i.TIM_TI1_ConfigInputStage)
    i.TIM_TI2_ConfigInputStage               0x08004932   Section        0  stm32g4xx_hal_tim.o(i.TIM_TI2_ConfigInputStage)
    TIM_TI2_ConfigInputStage                 0x08004933   Thumb Code    36  stm32g4xx_hal_tim.o(i.TIM_TI2_ConfigInputStage)
    i.UARTEx_SetNbDataToProcess              0x08004958   Section        0  stm32g4xx_hal_uart_ex.o(i.UARTEx_SetNbDataToProcess)
    UARTEx_SetNbDataToProcess                0x08004959   Thumb Code    62  stm32g4xx_hal_uart_ex.o(i.UARTEx_SetNbDataToProcess)
    i.UART_AdvFeatureConfig                  0x0800499c   Section        0  stm32g4xx_hal_uart.o(i.UART_AdvFeatureConfig)
    i.UART_CheckIdleState                    0x08004a64   Section        0  stm32g4xx_hal_uart.o(i.UART_CheckIdleState)
    i.UART_DMAError                          0x08004b10   Section        0  stm32g4xx_hal_uart.o(i.UART_DMAError)
    UART_DMAError                            0x08004b11   Thumb Code    80  stm32g4xx_hal_uart.o(i.UART_DMAError)
    i.UART_DMATransmitCplt                   0x08004b60   Section        0  stm32g4xx_hal_uart.o(i.UART_DMATransmitCplt)
    UART_DMATransmitCplt                     0x08004b61   Thumb Code    66  stm32g4xx_hal_uart.o(i.UART_DMATransmitCplt)
    i.UART_DMATxHalfCplt                     0x08004ba2   Section        0  stm32g4xx_hal_uart.o(i.UART_DMATxHalfCplt)
    UART_DMATxHalfCplt                       0x08004ba3   Thumb Code    10  stm32g4xx_hal_uart.o(i.UART_DMATxHalfCplt)
    i.UART_EndRxTransfer                     0x08004bac   Section        0  stm32g4xx_hal_uart.o(i.UART_EndRxTransfer)
    UART_EndRxTransfer                       0x08004bad   Thumb Code    78  stm32g4xx_hal_uart.o(i.UART_EndRxTransfer)
    i.UART_EndTxTransfer                     0x08004c00   Section        0  stm32g4xx_hal_uart.o(i.UART_EndTxTransfer)
    UART_EndTxTransfer                       0x08004c01   Thumb Code    46  stm32g4xx_hal_uart.o(i.UART_EndTxTransfer)
    i.UART_SetConfig                         0x08004c30   Section        0  stm32g4xx_hal_uart.o(i.UART_SetConfig)
    i.UART_WaitOnFlagUntilTimeout            0x08004ec8   Section        0  stm32g4xx_hal_uart.o(i.UART_WaitOnFlagUntilTimeout)
    i.UsageFault_Handler                     0x08004f5c   Section        0  stm32g4xx_it.o(i.UsageFault_Handler)
    i.__NVIC_SetPriority                     0x08004f5e   Section        0  stm32g4xx_hal_cortex.o(i.__NVIC_SetPriority)
    __NVIC_SetPriority                       0x08004f5f   Thumb Code    32  stm32g4xx_hal_cortex.o(i.__NVIC_SetPriority)
    i.__scatterload_copy                     0x08004f7e   Section       14  handlers.o(i.__scatterload_copy)
    i.__scatterload_null                     0x08004f8c   Section        2  handlers.o(i.__scatterload_null)
    i.__scatterload_zeroinit                 0x08004f8e   Section       14  handlers.o(i.__scatterload_zeroinit)
    i.main                                   0x08004f9c   Section        0  main.o(i.main)
    .constdata                               0x080052fc   Section       70  main.o(.constdata)
    .constdata                               0x08005342   Section       24  stm32g4xx_hal_uart.o(.constdata)
    .constdata                               0x0800535a   Section       16  stm32g4xx_hal_uart_ex.o(.constdata)
    numerator                                0x0800535a   Data           8  stm32g4xx_hal_uart_ex.o(.constdata)
    denominator                              0x08005362   Data           8  stm32g4xx_hal_uart_ex.o(.constdata)
    .constdata                               0x0800536a   Section       16  system_stm32g4xx.o(.constdata)
    .constdata                               0x0800537a   Section        8  system_stm32g4xx.o(.constdata)
    .data                                    0x20000000   Section       64  main.o(.data)
    .data                                    0x20000040   Section        4  main.o(.data)
    .data                                    0x20000044   Section        8  adc.o(.data)
    HAL_RCC_ADC12_CLK_ENABLED                0x20000044   Data           4  adc.o(.data)
    HAL_RCC_ADC345_CLK_ENABLED               0x20000048   Data           4  adc.o(.data)
    .data                                    0x2000004c   Section       12  stm32g4xx_hal.o(.data)
    .data                                    0x20000058   Section        4  system_stm32g4xx.o(.data)
    .data                                    0x2000005c   Section        6  supercap_1.o(.data)
    .bss                                     0x20000064   Section      312  main.o(.bss)
    .bss                                     0x2000019c   Section      924  adc.o(.bss)
    .bss                                     0x20000538   Section      100  fdcan.o(.bss)
    .bss                                     0x2000059c   Section      380  tim.o(.bss)
    .bss                                     0x20000718   Section      540  usart.o(.bss)
    STACK                                    0x20000938   Section     1024  startup_stm32g473xx.o(STACK)

    Global Symbols

    Symbol Name                              Value     Ov Type        Size  Object(Section)

    BuildAttributes$$THM_ISAv4$E$P$D$K$B$S$7EM$VFPi3$EXTD16$VFPS$VFMA$PE$A:L22UL41UL21$X:L11$S22US41US21$IEEE1$IW$USESV6$~STKCKD$USESV7$~SHL$OSPACE$EBA8$MICROLIB$REQ8$PRES8$EABIv2 0x00000000   Number         0  anon$$obj.o ABSOLUTE
    __ARM_use_no_argv                        0x00000000   Number         0  main.o ABSOLUTE
    __arm_fini_                               - Undefined Weak Reference
    __cpp_initialize__aeabi_                  - Undefined Weak Reference
    __cxa_finalize                            - Undefined Weak Reference
    __decompress                              - Undefined Weak Reference
    _clock_init                               - Undefined Weak Reference
    _microlib_exit                            - Undefined Weak Reference
    __Vectors_Size                           0x000001d8   Number         0  startup_stm32g473xx.o ABSOLUTE
    __Vectors                                0x08000000   Data           4  startup_stm32g473xx.o(RESET)
    __Vectors_End                            0x080001d8   Data           0  startup_stm32g473xx.o(RESET)
    __main                                   0x080001d9   Thumb Code     0  entry.o(.ARM.Collect$$$$00000000)
    _main_stk                                0x080001d9   Thumb Code     0  entry2.o(.ARM.Collect$$$$00000001)
    _main_scatterload                        0x080001dd   Thumb Code     0  entry5.o(.ARM.Collect$$$$00000004)
    __main_after_scatterload                 0x080001e1   Thumb Code     0  entry5.o(.ARM.Collect$$$$00000004)
    _main_clock                              0x080001e1   Thumb Code     0  entry7b.o(.ARM.Collect$$$$00000008)
    _main_cpp_init                           0x080001e1   Thumb Code     0  entry8b.o(.ARM.Collect$$$$0000000A)
    _main_init                               0x080001e1   Thumb Code     0  entry9a.o(.ARM.Collect$$$$0000000B)
    __rt_lib_shutdown_fini                   0x080001e9   Thumb Code     0  entry12b.o(.ARM.Collect$$$$0000000E)
    __rt_final_cpp                           0x080001ed   Thumb Code     0  entry10a.o(.ARM.Collect$$$$0000000F)
    __rt_final_exit                          0x080001ed   Thumb Code     0  entry11a.o(.ARM.Collect$$$$00000011)
    Reset_Handler                            0x080001f1   Thumb Code     8  startup_stm32g473xx.o(.text)
    ADC1_2_IRQHandler                        0x0800020b   Thumb Code     0  startup_stm32g473xx.o(.text)
    ADC3_IRQHandler                          0x0800020b   Thumb Code     0  startup_stm32g473xx.o(.text)
    ADC4_IRQHandler                          0x0800020b   Thumb Code     0  startup_stm32g473xx.o(.text)
    ADC5_IRQHandler                          0x0800020b   Thumb Code     0  startup_stm32g473xx.o(.text)
    COMP1_2_3_IRQHandler                     0x0800020b   Thumb Code     0  startup_stm32g473xx.o(.text)
    COMP4_5_6_IRQHandler                     0x0800020b   Thumb Code     0  startup_stm32g473xx.o(.text)
    COMP7_IRQHandler                         0x0800020b   Thumb Code     0  startup_stm32g473xx.o(.text)
    CORDIC_IRQHandler                        0x0800020b   Thumb Code     0  startup_stm32g473xx.o(.text)
    CRS_IRQHandler                           0x0800020b   Thumb Code     0  startup_stm32g473xx.o(.text)
    DMA1_Channel1_IRQHandler                 0x0800020b   Thumb Code     0  startup_stm32g473xx.o(.text)
    DMA1_Channel2_IRQHandler                 0x0800020b   Thumb Code     0  startup_stm32g473xx.o(.text)
    DMA1_Channel3_IRQHandler                 0x0800020b   Thumb Code     0  startup_stm32g473xx.o(.text)
    DMA1_Channel4_IRQHandler                 0x0800020b   Thumb Code     0  startup_stm32g473xx.o(.text)
    DMA1_Channel5_IRQHandler                 0x0800020b   Thumb Code     0  startup_stm32g473xx.o(.text)
    DMA1_Channel6_IRQHandler                 0x0800020b   Thumb Code     0  startup_stm32g473xx.o(.text)
    DMA1_Channel7_IRQHandler                 0x0800020b   Thumb Code     0  startup_stm32g473xx.o(.text)
    DMA1_Channel8_IRQHandler                 0x0800020b   Thumb Code     0  startup_stm32g473xx.o(.text)
    DMA2_Channel1_IRQHandler                 0x0800020b   Thumb Code     0  startup_stm32g473xx.o(.text)
    DMA2_Channel2_IRQHandler                 0x0800020b   Thumb Code     0  startup_stm32g473xx.o(.text)
    DMA2_Channel3_IRQHandler                 0x0800020b   Thumb Code     0  startup_stm32g473xx.o(.text)
    DMA2_Channel4_IRQHandler                 0x0800020b   Thumb Code     0  startup_stm32g473xx.o(.text)
    DMA2_Channel5_IRQHandler                 0x0800020b   Thumb Code     0  startup_stm32g473xx.o(.text)
    DMA2_Channel6_IRQHandler                 0x0800020b   Thumb Code     0  startup_stm32g473xx.o(.text)
    DMA2_Channel7_IRQHandler                 0x0800020b   Thumb Code     0  startup_stm32g473xx.o(.text)
    DMA2_Channel8_IRQHandler                 0x0800020b   Thumb Code     0  startup_stm32g473xx.o(.text)
    DMAMUX_OVR_IRQHandler                    0x0800020b   Thumb Code     0  startup_stm32g473xx.o(.text)
    EXTI0_IRQHandler                         0x0800020b   Thumb Code     0  startup_stm32g473xx.o(.text)
    EXTI15_10_IRQHandler                     0x0800020b   Thumb Code     0  startup_stm32g473xx.o(.text)
    EXTI1_IRQHandler                         0x0800020b   Thumb Code     0  startup_stm32g473xx.o(.text)
    EXTI2_IRQHandler                         0x0800020b   Thumb Code     0  startup_stm32g473xx.o(.text)
    EXTI3_IRQHandler                         0x0800020b   Thumb Code     0  startup_stm32g473xx.o(.text)
    EXTI4_IRQHandler                         0x0800020b   Thumb Code     0  startup_stm32g473xx.o(.text)
    EXTI9_5_IRQHandler                       0x0800020b   Thumb Code     0  startup_stm32g473xx.o(.text)
    FDCAN1_IT0_IRQHandler                    0x0800020b   Thumb Code     0  startup_stm32g473xx.o(.text)
    FDCAN1_IT1_IRQHandler                    0x0800020b   Thumb Code     0  startup_stm32g473xx.o(.text)
    FDCAN2_IT0_IRQHandler                    0x0800020b   Thumb Code     0  startup_stm32g473xx.o(.text)
    FDCAN2_IT1_IRQHandler                    0x0800020b   Thumb Code     0  startup_stm32g473xx.o(.text)
    FDCAN3_IT0_IRQHandler                    0x0800020b   Thumb Code     0  startup_stm32g473xx.o(.text)
    FDCAN3_IT1_IRQHandler                    0x0800020b   Thumb Code     0  startup_stm32g473xx.o(.text)
    FLASH_IRQHandler                         0x0800020b   Thumb Code     0  startup_stm32g473xx.o(.text)
    FMAC_IRQHandler                          0x0800020b   Thumb Code     0  startup_stm32g473xx.o(.text)
    FMC_IRQHandler                           0x0800020b   Thumb Code     0  startup_stm32g473xx.o(.text)
    FPU_IRQHandler                           0x0800020b   Thumb Code     0  startup_stm32g473xx.o(.text)
    I2C1_ER_IRQHandler                       0x0800020b   Thumb Code     0  startup_stm32g473xx.o(.text)
    I2C1_EV_IRQHandler                       0x0800020b   Thumb Code     0  startup_stm32g473xx.o(.text)
    I2C2_ER_IRQHandler                       0x0800020b   Thumb Code     0  startup_stm32g473xx.o(.text)
    I2C2_EV_IRQHandler                       0x0800020b   Thumb Code     0  startup_stm32g473xx.o(.text)
    I2C3_ER_IRQHandler                       0x0800020b   Thumb Code     0  startup_stm32g473xx.o(.text)
    I2C3_EV_IRQHandler                       0x0800020b   Thumb Code     0  startup_stm32g473xx.o(.text)
    I2C4_ER_IRQHandler                       0x0800020b   Thumb Code     0  startup_stm32g473xx.o(.text)
    I2C4_EV_IRQHandler                       0x0800020b   Thumb Code     0  startup_stm32g473xx.o(.text)
    LPTIM1_IRQHandler                        0x0800020b   Thumb Code     0  startup_stm32g473xx.o(.text)
    LPUART1_IRQHandler                       0x0800020b   Thumb Code     0  startup_stm32g473xx.o(.text)
    PVD_PVM_IRQHandler                       0x0800020b   Thumb Code     0  startup_stm32g473xx.o(.text)
    QUADSPI_IRQHandler                       0x0800020b   Thumb Code     0  startup_stm32g473xx.o(.text)
    RCC_IRQHandler                           0x0800020b   Thumb Code     0  startup_stm32g473xx.o(.text)
    RNG_IRQHandler                           0x0800020b   Thumb Code     0  startup_stm32g473xx.o(.text)
    RTC_Alarm_IRQHandler                     0x0800020b   Thumb Code     0  startup_stm32g473xx.o(.text)
    RTC_TAMP_LSECSS_IRQHandler               0x0800020b   Thumb Code     0  startup_stm32g473xx.o(.text)
    RTC_WKUP_IRQHandler                      0x0800020b   Thumb Code     0  startup_stm32g473xx.o(.text)
    SAI1_IRQHandler                          0x0800020b   Thumb Code     0  startup_stm32g473xx.o(.text)
    SPI1_IRQHandler                          0x0800020b   Thumb Code     0  startup_stm32g473xx.o(.text)
    SPI2_IRQHandler                          0x0800020b   Thumb Code     0  startup_stm32g473xx.o(.text)
    SPI3_IRQHandler                          0x0800020b   Thumb Code     0  startup_stm32g473xx.o(.text)
    SPI4_IRQHandler                          0x0800020b   Thumb Code     0  startup_stm32g473xx.o(.text)
    TIM1_BRK_TIM15_IRQHandler                0x0800020b   Thumb Code     0  startup_stm32g473xx.o(.text)
    TIM1_CC_IRQHandler                       0x0800020b   Thumb Code     0  startup_stm32g473xx.o(.text)
    TIM1_TRG_COM_TIM17_IRQHandler            0x0800020b   Thumb Code     0  startup_stm32g473xx.o(.text)
    TIM1_UP_TIM16_IRQHandler                 0x0800020b   Thumb Code     0  startup_stm32g473xx.o(.text)
    TIM20_BRK_IRQHandler                     0x0800020b   Thumb Code     0  startup_stm32g473xx.o(.text)
    TIM20_CC_IRQHandler                      0x0800020b   Thumb Code     0  startup_stm32g473xx.o(.text)
    TIM20_TRG_COM_IRQHandler                 0x0800020b   Thumb Code     0  startup_stm32g473xx.o(.text)
    TIM20_UP_IRQHandler                      0x0800020b   Thumb Code     0  startup_stm32g473xx.o(.text)
    TIM3_IRQHandler                          0x0800020b   Thumb Code     0  startup_stm32g473xx.o(.text)
    TIM4_IRQHandler                          0x0800020b   Thumb Code     0  startup_stm32g473xx.o(.text)
    TIM6_DAC_IRQHandler                      0x0800020b   Thumb Code     0  startup_stm32g473xx.o(.text)
    TIM7_DAC_IRQHandler                      0x0800020b   Thumb Code     0  startup_stm32g473xx.o(.text)
    TIM8_BRK_IRQHandler                      0x0800020b   Thumb Code     0  startup_stm32g473xx.o(.text)
    TIM8_CC_IRQHandler                       0x0800020b   Thumb Code     0  startup_stm32g473xx.o(.text)
    TIM8_TRG_COM_IRQHandler                  0x0800020b   Thumb Code     0  startup_stm32g473xx.o(.text)
    TIM8_UP_IRQHandler                       0x0800020b   Thumb Code     0  startup_stm32g473xx.o(.text)
    UART4_IRQHandler                         0x0800020b   Thumb Code     0  startup_stm32g473xx.o(.text)
    UART5_IRQHandler                         0x0800020b   Thumb Code     0  startup_stm32g473xx.o(.text)
    UCPD1_IRQHandler                         0x0800020b   Thumb Code     0  startup_stm32g473xx.o(.text)
    USART1_IRQHandler                        0x0800020b   Thumb Code     0  startup_stm32g473xx.o(.text)
    USART2_IRQHandler                        0x0800020b   Thumb Code     0  startup_stm32g473xx.o(.text)
    USART3_IRQHandler                        0x0800020b   Thumb Code     0  startup_stm32g473xx.o(.text)
    USBWakeUp_IRQHandler                     0x0800020b   Thumb Code     0  startup_stm32g473xx.o(.text)
    USB_HP_IRQHandler                        0x0800020b   Thumb Code     0  startup_stm32g473xx.o(.text)
    USB_LP_IRQHandler                        0x0800020b   Thumb Code     0  startup_stm32g473xx.o(.text)
    WWDG_IRQHandler                          0x0800020b   Thumb Code     0  startup_stm32g473xx.o(.text)
    __aeabi_uldivmod                         0x08000215   Thumb Code    98  uldiv.o(.text)
    __aeabi_memcpy                           0x08000277   Thumb Code    36  memcpya.o(.text)
    __aeabi_memcpy4                          0x08000277   Thumb Code     0  memcpya.o(.text)
    __aeabi_memcpy8                          0x08000277   Thumb Code     0  memcpya.o(.text)
    __aeabi_memset                           0x0800029b   Thumb Code    14  memseta.o(.text)
    __aeabi_memset4                          0x0800029b   Thumb Code     0  memseta.o(.text)
    __aeabi_memset8                          0x0800029b   Thumb Code     0  memseta.o(.text)
    __aeabi_memclr                           0x080002a9   Thumb Code     4  memseta.o(.text)
    __aeabi_memclr4                          0x080002a9   Thumb Code     0  memseta.o(.text)
    __aeabi_memclr8                          0x080002a9   Thumb Code     0  memseta.o(.text)
    _memset$wrapper                          0x080002ad   Thumb Code    18  memseta.o(.text)
    __aeabi_llsl                             0x080002bf   Thumb Code    30  llshl.o(.text)
    _ll_shift_l                              0x080002bf   Thumb Code     0  llshl.o(.text)
    __aeabi_llsr                             0x080002dd   Thumb Code    32  llushr.o(.text)
    _ll_ushift_r                             0x080002dd   Thumb Code     0  llushr.o(.text)
    __scatterload                            0x080002fd   Thumb Code    28  init.o(.text)
    __scatterload_rt2                        0x080002fd   Thumb Code     0  init.o(.text)
    ADC_DMAConvCplt                          0x08000321   Thumb Code   104  stm32g4xx_hal_adc.o(i.ADC_DMAConvCplt)
    ADC_DMAError                             0x08000389   Thumb Code    26  stm32g4xx_hal_adc.o(i.ADC_DMAError)
    ADC_DMAHalfConvCplt                      0x080003a3   Thumb Code    10  stm32g4xx_hal_adc.o(i.ADC_DMAHalfConvCplt)
    ADC_Disable                              0x080003ad   Thumb Code   106  stm32g4xx_hal_adc.o(i.ADC_Disable)
    ADC_Enable                               0x0800041d   Thumb Code   172  stm32g4xx_hal_adc.o(i.ADC_Enable)
    BusFault_Handler                         0x080004e1   Thumb Code     2  stm32g4xx_it.o(i.BusFault_Handler)
    DebugMon_Handler                         0x08000587   Thumb Code     2  stm32g4xx_it.o(i.DebugMon_Handler)
    Error_Handler                            0x08000589   Thumb Code     4  main.o(i.Error_Handler)
    HAL_ADCEx_Calibration_Start              0x0800058d   Thumb Code   138  stm32g4xx_hal_adc_ex.o(i.HAL_ADCEx_Calibration_Start)
    HAL_ADCEx_MultiModeConfigChannel         0x08000621   Thumb Code   326  stm32g4xx_hal_adc_ex.o(i.HAL_ADCEx_MultiModeConfigChannel)
    HAL_ADC_ConfigChannel                    0x08000781   Thumb Code  1066  stm32g4xx_hal_adc.o(i.HAL_ADC_ConfigChannel)
    HAL_ADC_ConvCpltCallback                 0x08000bed   Thumb Code     2  stm32g4xx_hal_adc.o(i.HAL_ADC_ConvCpltCallback)
    HAL_ADC_ConvHalfCpltCallback             0x08000bef   Thumb Code     2  stm32g4xx_hal_adc.o(i.HAL_ADC_ConvHalfCpltCallback)
    HAL_ADC_ErrorCallback                    0x08000bf1   Thumb Code     2  stm32g4xx_hal_adc.o(i.HAL_ADC_ErrorCallback)
    HAL_ADC_Init                             0x08000bf5   Thumb Code   510  stm32g4xx_hal_adc.o(i.HAL_ADC_Init)
    HAL_ADC_MspInit                          0x08000e25   Thumb Code   746  adc.o(i.HAL_ADC_MspInit)
    HAL_ADC_Start_DMA                        0x08001149   Thumb Code   260  stm32g4xx_hal_adc.o(i.HAL_ADC_Start_DMA)
    HAL_DMA_Init                             0x08001275   Thumb Code   178  stm32g4xx_hal_dma.o(i.HAL_DMA_Init)
    HAL_DMA_Start_IT                         0x08001335   Thumb Code   140  stm32g4xx_hal_dma.o(i.HAL_DMA_Start_IT)
    HAL_Delay                                0x080013c1   Thumb Code    32  stm32g4xx_hal.o(i.HAL_Delay)
    HAL_FDCAN_Init                           0x080013e5   Thumb Code   512  stm32g4xx_hal_fdcan.o(i.HAL_FDCAN_Init)
    HAL_FDCAN_MspInit                        0x080015fd   Thumb Code   116  fdcan.o(i.HAL_FDCAN_MspInit)
    HAL_GPIO_Init                            0x08001679   Thumb Code   550  stm32g4xx_hal_gpio.o(i.HAL_GPIO_Init)
    HAL_GPIO_WritePin                        0x080018c1   Thumb Code    10  stm32g4xx_hal_gpio.o(i.HAL_GPIO_WritePin)
    HAL_GetTick                              0x080018cd   Thumb Code     6  stm32g4xx_hal.o(i.HAL_GetTick)
    HAL_IncTick                              0x080018d9   Thumb Code    12  stm32g4xx_hal.o(i.HAL_IncTick)
    HAL_Init                                 0x080018e9   Thumb Code    30  stm32g4xx_hal.o(i.HAL_Init)
    HAL_InitTick                             0x08001909   Thumb Code    58  stm32g4xx_hal.o(i.HAL_InitTick)
    HAL_MspInit                              0x0800194d   Thumb Code    42  stm32g4xx_hal_msp.o(i.HAL_MspInit)
    HAL_NVIC_EnableIRQ                       0x0800197d   Thumb Code    26  stm32g4xx_hal_cortex.o(i.HAL_NVIC_EnableIRQ)
    HAL_NVIC_SetPriority                     0x08001999   Thumb Code    60  stm32g4xx_hal_cortex.o(i.HAL_NVIC_SetPriority)
    HAL_NVIC_SetPriorityGrouping             0x080019d9   Thumb Code    26  stm32g4xx_hal_cortex.o(i.HAL_NVIC_SetPriorityGrouping)
    HAL_PWREx_ControlVoltageScaling          0x080019fd   Thumb Code   174  stm32g4xx_hal_pwr_ex.o(i.HAL_PWREx_ControlVoltageScaling)
    HAL_PWREx_DisableUCPDDeadBattery         0x08001ab9   Thumb Code    12  stm32g4xx_hal_pwr_ex.o(i.HAL_PWREx_DisableUCPDDeadBattery)
    HAL_RCCEx_PeriphCLKConfig                0x08001ac9   Thumb Code   758  stm32g4xx_hal_rcc_ex.o(i.HAL_RCCEx_PeriphCLKConfig)
    HAL_RCC_ClockConfig                      0x08001dc9   Thumb Code   444  stm32g4xx_hal_rcc.o(i.HAL_RCC_ClockConfig)
    HAL_RCC_GetPCLK1Freq                     0x08001fa5   Thumb Code    24  stm32g4xx_hal_rcc.o(i.HAL_RCC_GetPCLK1Freq)
    HAL_RCC_GetPCLK2Freq                     0x08001fc9   Thumb Code    24  stm32g4xx_hal_rcc.o(i.HAL_RCC_GetPCLK2Freq)
    HAL_RCC_GetSysClockFreq                  0x08001fed   Thumb Code    98  stm32g4xx_hal_rcc.o(i.HAL_RCC_GetSysClockFreq)
    HAL_RCC_OscConfig                        0x0800205d   Thumb Code  1028  stm32g4xx_hal_rcc.o(i.HAL_RCC_OscConfig)
    HAL_SYSTICK_Config                       0x08002461   Thumb Code    40  stm32g4xx_hal_cortex.o(i.HAL_SYSTICK_Config)
    HAL_TIMEx_Break2Callback                 0x08002489   Thumb Code     2  stm32g4xx_hal_tim_ex.o(i.HAL_TIMEx_Break2Callback)
    HAL_TIMEx_BreakCallback                  0x0800248b   Thumb Code     2  stm32g4xx_hal_tim_ex.o(i.HAL_TIMEx_BreakCallback)
    HAL_TIMEx_CommutCallback                 0x0800248d   Thumb Code     2  stm32g4xx_hal_tim_ex.o(i.HAL_TIMEx_CommutCallback)
    HAL_TIMEx_ConfigBreakDeadTime            0x08002491   Thumb Code   154  stm32g4xx_hal_tim_ex.o(i.HAL_TIMEx_ConfigBreakDeadTime)
    HAL_TIMEx_DirectionChangeCallback        0x08002539   Thumb Code     2  stm32g4xx_hal_tim_ex.o(i.HAL_TIMEx_DirectionChangeCallback)
    HAL_TIMEx_EncoderIndexCallback           0x0800253b   Thumb Code     2  stm32g4xx_hal_tim_ex.o(i.HAL_TIMEx_EncoderIndexCallback)
    HAL_TIMEx_IndexErrorCallback             0x0800253d   Thumb Code     2  stm32g4xx_hal_tim_ex.o(i.HAL_TIMEx_IndexErrorCallback)
    HAL_TIMEx_MasterConfigSynchronization    0x08002541   Thumb Code   150  stm32g4xx_hal_tim_ex.o(i.HAL_TIMEx_MasterConfigSynchronization)
    HAL_TIMEx_PWMN_Start                     0x080025f9   Thumb Code   170  stm32g4xx_hal_tim_ex.o(i.HAL_TIMEx_PWMN_Start)
    HAL_TIMEx_PWMN_Stop                      0x080026c5   Thumb Code   104  stm32g4xx_hal_tim_ex.o(i.HAL_TIMEx_PWMN_Stop)
    HAL_TIMEx_TransitionErrorCallback        0x0800272d   Thumb Code     2  stm32g4xx_hal_tim_ex.o(i.HAL_TIMEx_TransitionErrorCallback)
    HAL_TIM_Base_Init                        0x0800272f   Thumb Code    98  stm32g4xx_hal_tim.o(i.HAL_TIM_Base_Init)
    HAL_TIM_Base_MspInit                     0x08002791   Thumb Code    86  tim.o(i.HAL_TIM_Base_MspInit)
    HAL_TIM_Base_Start                       0x080027f1   Thumb Code    96  stm32g4xx_hal_tim.o(i.HAL_TIM_Base_Start)
    HAL_TIM_Base_Start_IT                    0x08002871   Thumb Code   106  stm32g4xx_hal_tim.o(i.HAL_TIM_Base_Start_IT)
    HAL_TIM_ConfigClockSource                0x080028fd   Thumb Code   256  stm32g4xx_hal_tim.o(i.HAL_TIM_ConfigClockSource)
    HAL_TIM_IC_CaptureCallback               0x08002a05   Thumb Code     2  stm32g4xx_hal_tim.o(i.HAL_TIM_IC_CaptureCallback)
    HAL_TIM_IRQHandler                       0x08002a07   Thumb Code   418  stm32g4xx_hal_tim.o(i.HAL_TIM_IRQHandler)
    HAL_TIM_MspPostInit                      0x08002ba9   Thumb Code   232  tim.o(i.HAL_TIM_MspPostInit)
    HAL_TIM_OC_DelayElapsedCallback          0x08002cad   Thumb Code     2  stm32g4xx_hal_tim.o(i.HAL_TIM_OC_DelayElapsedCallback)
    HAL_TIM_PWM_ConfigChannel                0x08002caf   Thumb Code   292  stm32g4xx_hal_tim.o(i.HAL_TIM_PWM_ConfigChannel)
    HAL_TIM_PWM_Init                         0x08002dd3   Thumb Code    98  stm32g4xx_hal_tim.o(i.HAL_TIM_PWM_Init)
    HAL_TIM_PWM_MspInit                      0x08002e35   Thumb Code    74  tim.o(i.HAL_TIM_PWM_MspInit)
    HAL_TIM_PWM_PulseFinishedCallback        0x08002e91   Thumb Code     2  stm32g4xx_hal_tim.o(i.HAL_TIM_PWM_PulseFinishedCallback)
    HAL_TIM_PWM_Start                        0x08002e95   Thumb Code   234  stm32g4xx_hal_tim.o(i.HAL_TIM_PWM_Start)
    HAL_TIM_PWM_Stop                         0x08002fa9   Thumb Code   158  stm32g4xx_hal_tim.o(i.HAL_TIM_PWM_Stop)
    HAL_TIM_PeriodElapsedCallback            0x08003061   Thumb Code    72  supercap_1.o(i.HAL_TIM_PeriodElapsedCallback)
    HAL_TIM_TriggerCallback                  0x080030b1   Thumb Code     2  stm32g4xx_hal_tim.o(i.HAL_TIM_TriggerCallback)
    HAL_UARTEx_DisableFifoMode               0x080030b3   Thumb Code    62  stm32g4xx_hal_uart_ex.o(i.HAL_UARTEx_DisableFifoMode)
    HAL_UARTEx_SetRxFifoThreshold            0x080030f1   Thumb Code    76  stm32g4xx_hal_uart_ex.o(i.HAL_UARTEx_SetRxFifoThreshold)
    HAL_UARTEx_SetTxFifoThreshold            0x0800313d   Thumb Code    76  stm32g4xx_hal_uart_ex.o(i.HAL_UARTEx_SetTxFifoThreshold)
    HAL_UART_ErrorCallback                   0x08003189   Thumb Code     2  stm32g4xx_hal_uart.o(i.HAL_UART_ErrorCallback)
    HAL_UART_Init                            0x0800318b   Thumb Code   106  stm32g4xx_hal_uart.o(i.HAL_UART_Init)
    HAL_UART_MspInit                         0x080031f5   Thumb Code   320  usart.o(i.HAL_UART_MspInit)
    HAL_UART_Transmit_DMA                    0x08003355   Thumb Code   132  stm32g4xx_hal_uart.o(i.HAL_UART_Transmit_DMA)
    HAL_UART_TxCpltCallback                  0x080033e5   Thumb Code     2  stm32g4xx_hal_uart.o(i.HAL_UART_TxCpltCallback)
    HAL_UART_TxHalfCpltCallback              0x080033e7   Thumb Code     2  stm32g4xx_hal_uart.o(i.HAL_UART_TxHalfCpltCallback)
    HardFault_Handler                        0x080033e9   Thumb Code     2  stm32g4xx_it.o(i.HardFault_Handler)
    MX_ADC1_Init                             0x0800344d   Thumb Code   160  adc.o(i.MX_ADC1_Init)
    MX_ADC2_Init                             0x080034f9   Thumb Code   158  adc.o(i.MX_ADC2_Init)
    MX_ADC3_Init                             0x080035ad   Thumb Code   180  adc.o(i.MX_ADC3_Init)
    MX_ADC4_Init                             0x08003675   Thumb Code   136  adc.o(i.MX_ADC4_Init)
    MX_ADC5_Init                             0x0800370d   Thumb Code   114  adc.o(i.MX_ADC5_Init)
    MX_DMA_Init                              0x0800378d   Thumb Code    54  dma.o(i.MX_DMA_Init)
    MX_FDCAN1_Init                           0x080037c9   Thumb Code    70  fdcan.o(i.MX_FDCAN1_Init)
    MX_GPIO_Init                             0x08003819   Thumb Code   150  gpio.o(i.MX_GPIO_Init)
    MX_TIM1_Init                             0x080038b9   Thumb Code   188  tim.o(i.MX_TIM1_Init)
    MX_TIM2_Init                             0x0800397d   Thumb Code    98  tim.o(i.MX_TIM2_Init)
    MX_TIM3_Init                             0x080039e5   Thumb Code   142  tim.o(i.MX_TIM3_Init)
    MX_TIM4_Init                             0x08003a7d   Thumb Code   124  tim.o(i.MX_TIM4_Init)
    MX_TIM5_Init                             0x08003b01   Thumb Code    96  tim.o(i.MX_TIM5_Init)
    MX_USART1_UART_Init                      0x08003b69   Thumb Code    94  usart.o(i.MX_USART1_UART_Init)
    MX_USART2_UART_Init                      0x08003bd1   Thumb Code    94  usart.o(i.MX_USART2_UART_Init)
    MX_USART3_UART_Init                      0x08003c39   Thumb Code    94  usart.o(i.MX_USART3_UART_Init)
    MemManage_Handler                        0x08003ca1   Thumb Code     2  stm32g4xx_it.o(i.MemManage_Handler)
    NMI_Handler                              0x08003ca3   Thumb Code     2  stm32g4xx_it.o(i.NMI_Handler)
    PendSV_Handler                           0x08003ca5   Thumb Code     2  stm32g4xx_it.o(i.PendSV_Handler)
    SVC_Handler                              0x08003ca7   Thumb Code     2  stm32g4xx_it.o(i.SVC_Handler)
    Supercap_ADC_to_Current_Funtion          0x08003ca9   Thumb Code    20  supercap_1.o(i.Supercap_ADC_to_Current_Funtion)
    Supercap_ADC_to_Voltage_Funtion          0x08003cc1   Thumb Code    34  supercap_1.o(i.Supercap_ADC_to_Voltage_Funtion)
    Supercap_AUX_BlueLED                     0x08003ced   Thumb Code    14  supercap_1.o(i.Supercap_AUX_BlueLED)
    Supercap_AUX_Buzzer                      0x08003d01   Thumb Code   374  supercap_1.o(i.Supercap_AUX_Buzzer)
    Supercap_AUX_Init                        0x08003e81   Thumb Code    62  supercap_1.o(i.Supercap_AUX_Init)
    Supercap_AUX_MachineSpirit               0x08003ecd   Thumb Code    14  supercap_1.o(i.Supercap_AUX_MachineSpirit)
    Supercap_AUX_YellowLED                   0x08003ee1   Thumb Code    14  supercap_1.o(i.Supercap_AUX_YellowLED)
    Supercap_Compare                         0x08003ef9   Thumb Code    40  supercap_1.o(i.Supercap_Compare)
    Supercap_DCDC_Start                      0x08003f21   Thumb Code    38  supercap_1.o(i.Supercap_DCDC_Start)
    Supercap_DCDC_Stop                       0x08003f4d   Thumb Code    38  supercap_1.o(i.Supercap_DCDC_Stop)
    Supercap_FSM                             0x08003f79   Thumb Code   450  supercap_1.o(i.Supercap_FSM)
    Supercap_First_Order_Filter_ADC_Function_Alpha 0x08004169   Thumb Code    20  supercap_1.o(i.Supercap_First_Order_Filter_ADC_Function_Alpha)
    Supercap_Function_Init                   0x0800417d   Thumb Code     8  supercap_1.o(i.Supercap_Function_Init)
    Supercap_Limit                           0x08004185   Thumb Code    16  supercap_1.o(i.Supercap_Limit)
    Supercap_PID_Controller_Function         0x08004195   Thumb Code   166  supercap_1.o(i.Supercap_PID_Controller_Function)
    Supercap_PID_Init                        0x0800423b   Thumb Code    12  supercap_1.o(i.Supercap_PID_Init)
    Supercap_PWM_left                        0x08004249   Thumb Code    14  supercap_1.o(i.Supercap_PWM_left)
    SysTick_Handler                          0x0800425d   Thumb Code     4  stm32g4xx_it.o(i.SysTick_Handler)
    SystemClock_Config                       0x08004261   Thumb Code   106  main.o(i.SystemClock_Config)
    SystemInit                               0x080042cd   Thumb Code    12  system_stm32g4xx.o(i.SystemInit)
    TIM2_IRQHandler                          0x080042dd   Thumb Code     6  stm32g4xx_it.o(i.TIM2_IRQHandler)
    TIM2_NVIC                                0x080042e9   Thumb Code    46  supercap_1.o(i.TIM2_NVIC)
    TIM5_IRQHandler                          0x0800432d   Thumb Code     6  stm32g4xx_it.o(i.TIM5_IRQHandler)
    TIM5_NVIC                                0x08004339   Thumb Code   232  supercap_1.o(i.TIM5_NVIC)
    TIM_Base_SetConfig                       0x08004451   Thumb Code   190  stm32g4xx_hal_tim.o(i.TIM_Base_SetConfig)
    TIM_CCxChannelCmd                        0x08004535   Thumb Code    26  stm32g4xx_hal_tim.o(i.TIM_CCxChannelCmd)
    TIM_ETR_SetConfig                        0x08004569   Thumb Code    20  stm32g4xx_hal_tim.o(i.TIM_ETR_SetConfig)
    TIM_OC2_SetConfig                        0x0800463d   Thumb Code   132  stm32g4xx_hal_tim.o(i.TIM_OC2_SetConfig)
    UART_AdvFeatureConfig                    0x0800499d   Thumb Code   200  stm32g4xx_hal_uart.o(i.UART_AdvFeatureConfig)
    UART_CheckIdleState                      0x08004a65   Thumb Code   172  stm32g4xx_hal_uart.o(i.UART_CheckIdleState)
    UART_SetConfig                           0x08004c31   Thumb Code   614  stm32g4xx_hal_uart.o(i.UART_SetConfig)
    UART_WaitOnFlagUntilTimeout              0x08004ec9   Thumb Code   148  stm32g4xx_hal_uart.o(i.UART_WaitOnFlagUntilTimeout)
    UsageFault_Handler                       0x08004f5d   Thumb Code     2  stm32g4xx_it.o(i.UsageFault_Handler)
    __scatterload_copy                       0x08004f7f   Thumb Code    14  handlers.o(i.__scatterload_copy)
    __scatterload_null                       0x08004f8d   Thumb Code     2  handlers.o(i.__scatterload_null)
    __scatterload_zeroinit                   0x08004f8f   Thumb Code    14  handlers.o(i.__scatterload_zeroinit)
    main                                     0x08004f9d   Thumb Code   778  main.o(i.main)
    UARTPrescTable                           0x08005342   Data          24  stm32g4xx_hal_uart.o(.constdata)
    AHBPrescTable                            0x0800536a   Data          16  system_stm32g4xx.o(.constdata)
    APBPrescTable                            0x0800537a   Data           8  system_stm32g4xx.o(.constdata)
    Region$$Table$$Base                      0x08005384   Number         0  anon$$obj.o(Region$$Table)
    Region$$Table$$Limit                     0x080053a4   Number         0  anon$$obj.o(Region$$Table)
    CAP_STATE                                0x20000000   Data           1  main.o(.data)
    supercap_ADC1                            0x20000002   Data           4  main.o(.data)
    supercap_ADC4                            0x20000006   Data           4  main.o(.data)
    temp2                                    0x2000000c   Data           4  main.o(.data)
    supercap_ADC2                            0x20000010   Data           6  main.o(.data)
    supercap_ADC3                            0x20000016   Data           6  main.o(.data)
    data_packet                              0x2000001c   Data          36  main.o(.data)
    TIM3_AUTORELOAD_over100                  0x20000040   Data           4  main.o(.data)
    uwTickPrio                               0x2000004c   Data           4  stm32g4xx_hal.o(.data)
    uwTickFreq                               0x20000050   Data           4  stm32g4xx_hal.o(.data)
    uwTick                                   0x20000054   Data           4  stm32g4xx_hal.o(.data)
    SystemCoreClock                          0x20000058   Data           4  system_stm32g4xx.o(.data)
    PID_flag                                 0x2000005c   Data           1  supercap_1.o(.data)
    protection_counter                       0x2000005e   Data           2  supercap_1.o(.data)
    fault_counter                            0x20000060   Data           2  supercap_1.o(.data)
    C_left                                   0x20000064   Data          20  main.o(.bss)
    C_sys                                    0x20000078   Data          20  main.o(.bss)
    C_right                                  0x2000008c   Data          20  main.o(.bss)
    V_sys_op                                 0x200000a0   Data          20  main.o(.bss)
    V_cap_op                                 0x200000b4   Data          20  main.o(.bss)
    V_cap                                    0x200000c8   Data          20  main.o(.bss)
    V_bat                                    0x200000dc   Data          20  main.o(.bss)
    V_sys                                    0x200000f0   Data          20  main.o(.bss)
    V_1V6                                    0x20000104   Data          20  main.o(.bss)
    ADC4_12                                  0x20000118   Data          20  main.o(.bss)
    PID_45W_loop                             0x2000012c   Data          28  main.o(.bss)
    PID_n7A_loop                             0x20000148   Data          28  main.o(.bss)
    PID_7A_loop                              0x20000164   Data          28  main.o(.bss)
    PID_voltage_loop                         0x20000180   Data          28  main.o(.bss)
    hadc1                                    0x2000019c   Data         108  adc.o(.bss)
    hadc2                                    0x20000208   Data         108  adc.o(.bss)
    hadc3                                    0x20000274   Data         108  adc.o(.bss)
    hadc4                                    0x200002e0   Data         108  adc.o(.bss)
    hadc5                                    0x2000034c   Data         108  adc.o(.bss)
    hdma_adc1                                0x200003b8   Data          96  adc.o(.bss)
    hdma_adc2                                0x20000418   Data          96  adc.o(.bss)
    hdma_adc3                                0x20000478   Data          96  adc.o(.bss)
    hdma_adc4                                0x200004d8   Data          96  adc.o(.bss)
    hfdcan1                                  0x20000538   Data         100  fdcan.o(.bss)
    htim1                                    0x2000059c   Data          76  tim.o(.bss)
    htim2                                    0x200005e8   Data          76  tim.o(.bss)
    htim3                                    0x20000634   Data          76  tim.o(.bss)
    htim4                                    0x20000680   Data          76  tim.o(.bss)
    htim5                                    0x200006cc   Data          76  tim.o(.bss)
    huart1                                   0x20000718   Data         148  usart.o(.bss)
    huart2                                   0x200007ac   Data         148  usart.o(.bss)
    huart3                                   0x20000840   Data         148  usart.o(.bss)
    hdma_usart3_tx                           0x200008d4   Data          96  usart.o(.bss)
    __initial_sp                             0x20000d38   Data           0  startup_stm32g473xx.o(STACK)



==============================================================================

Memory Map of the image

  Image Entry point : 0x080001d9

  Load Region LR_IROM1 (Base: 0x08000000, Size: 0x00005408, Max: 0x00080000, ABSOLUTE)

    Execution Region ER_IROM1 (Exec base: 0x08000000, Load base: 0x08000000, Size: 0x000053a4, Max: 0x00080000, ABSOLUTE)

    Exec Addr    Load Addr    Size         Type   Attr      Idx    E Section Name        Object

    0x08000000   0x08000000   0x000001d8   Data   RO            3    RESET               startup_stm32g473xx.o
    0x080001d8   0x080001d8   0x00000000   Code   RO         4872  * .ARM.Collect$$$$00000000  mc_w.l(entry.o)
    0x080001d8   0x080001d8   0x00000004   Code   RO         4883    .ARM.Collect$$$$00000001  mc_w.l(entry2.o)
    0x080001dc   0x080001dc   0x00000004   Code   RO         4886    .ARM.Collect$$$$00000004  mc_w.l(entry5.o)
    0x080001e0   0x080001e0   0x00000000   Code   RO         4888    .ARM.Collect$$$$00000008  mc_w.l(entry7b.o)
    0x080001e0   0x080001e0   0x00000000   Code   RO         4890    .ARM.Collect$$$$0000000A  mc_w.l(entry8b.o)
    0x080001e0   0x080001e0   0x00000008   Code   RO         4891    .ARM.Collect$$$$0000000B  mc_w.l(entry9a.o)
    0x080001e8   0x080001e8   0x00000004   Code   RO         4898    .ARM.Collect$$$$0000000E  mc_w.l(entry12b.o)
    0x080001ec   0x080001ec   0x00000000   Code   RO         4893    .ARM.Collect$$$$0000000F  mc_w.l(entry10a.o)
    0x080001ec   0x080001ec   0x00000000   Code   RO         4895    .ARM.Collect$$$$00000011  mc_w.l(entry11a.o)
    0x080001ec   0x080001ec   0x00000004   Code   RO         4884    .ARM.Collect$$$$00002712  mc_w.l(entry2.o)
    0x080001f0   0x080001f0   0x00000024   Code   RO            4    .text               startup_stm32g473xx.o
    0x08000214   0x08000214   0x00000062   Code   RO         4875    .text               mc_w.l(uldiv.o)
    0x08000276   0x08000276   0x00000024   Code   RO         4877    .text               mc_w.l(memcpya.o)
    0x0800029a   0x0800029a   0x00000024   Code   RO         4879    .text               mc_w.l(memseta.o)
    0x080002be   0x080002be   0x0000001e   Code   RO         4899    .text               mc_w.l(llshl.o)
    0x080002dc   0x080002dc   0x00000020   Code   RO         4901    .text               mc_w.l(llushr.o)
    0x080002fc   0x080002fc   0x00000024   Code   RO         4903    .text               mc_w.l(init.o)
    0x08000320   0x08000320   0x00000068   Code   RO          620    i.ADC_DMAConvCplt   stm32g4xx_hal_adc.o
    0x08000388   0x08000388   0x0000001a   Code   RO          621    i.ADC_DMAError      stm32g4xx_hal_adc.o
    0x080003a2   0x080003a2   0x0000000a   Code   RO          622    i.ADC_DMAHalfConvCplt  stm32g4xx_hal_adc.o
    0x080003ac   0x080003ac   0x00000070   Code   RO          623    i.ADC_Disable       stm32g4xx_hal_adc.o
    0x0800041c   0x0800041c   0x000000c4   Code   RO          624    i.ADC_Enable        stm32g4xx_hal_adc.o
    0x080004e0   0x080004e0   0x00000002   Code   RO          507    i.BusFault_Handler  stm32g4xx_it.o
    0x080004e2   0x080004e2   0x00000002   PAD
    0x080004e4   0x080004e4   0x00000040   Code   RO         1933    i.DMA_CalcDMAMUXChannelBaseAndMask  stm32g4xx_hal_dma.o
    0x08000524   0x08000524   0x00000024   Code   RO         1934    i.DMA_CalcDMAMUXRequestGenBaseAndMask  stm32g4xx_hal_dma.o
    0x08000548   0x08000548   0x0000003e   Code   RO         1935    i.DMA_SetConfig     stm32g4xx_hal_dma.o
    0x08000586   0x08000586   0x00000002   Code   RO          508    i.DebugMon_Handler  stm32g4xx_it.o
    0x08000588   0x08000588   0x00000004   Code   RO           13    i.Error_Handler     main.o
    0x0800058c   0x0800058c   0x00000094   Code   RO          857    i.HAL_ADCEx_Calibration_Start  stm32g4xx_hal_adc_ex.o
    0x08000620   0x08000620   0x00000160   Code   RO          874    i.HAL_ADCEx_MultiModeConfigChannel  stm32g4xx_hal_adc_ex.o
    0x08000780   0x08000780   0x0000046c   Code   RO          626    i.HAL_ADC_ConfigChannel  stm32g4xx_hal_adc.o
    0x08000bec   0x08000bec   0x00000002   Code   RO          627    i.HAL_ADC_ConvCpltCallback  stm32g4xx_hal_adc.o
    0x08000bee   0x08000bee   0x00000002   Code   RO          628    i.HAL_ADC_ConvHalfCpltCallback  stm32g4xx_hal_adc.o
    0x08000bf0   0x08000bf0   0x00000002   Code   RO          630    i.HAL_ADC_ErrorCallback  stm32g4xx_hal_adc.o
    0x08000bf2   0x08000bf2   0x00000002   PAD
    0x08000bf4   0x08000bf4   0x00000230   Code   RO          635    i.HAL_ADC_Init      stm32g4xx_hal_adc.o
    0x08000e24   0x08000e24   0x00000324   Code   RO          237    i.HAL_ADC_MspInit   adc.o
    0x08001148   0x08001148   0x0000012c   Code   RO          643    i.HAL_ADC_Start_DMA  stm32g4xx_hal_adc.o
    0x08001274   0x08001274   0x000000c0   Code   RO         1942    i.HAL_DMA_Init      stm32g4xx_hal_dma.o
    0x08001334   0x08001334   0x0000008c   Code   RO         1946    i.HAL_DMA_Start_IT  stm32g4xx_hal_dma.o
    0x080013c0   0x080013c0   0x00000024   Code   RO         1073    i.HAL_Delay         stm32g4xx_hal.o
    0x080013e4   0x080013e4   0x00000218   Code   RO         2619    i.HAL_FDCAN_Init    stm32g4xx_hal_fdcan.o
    0x080015fc   0x080015fc   0x0000007c   Code   RO          328    i.HAL_FDCAN_MspInit  fdcan.o
    0x08001678   0x08001678   0x00000248   Code   RO         1798    i.HAL_GPIO_Init     stm32g4xx_hal_gpio.o
    0x080018c0   0x080018c0   0x0000000a   Code   RO         1802    i.HAL_GPIO_WritePin  stm32g4xx_hal_gpio.o
    0x080018ca   0x080018ca   0x00000002   PAD
    0x080018cc   0x080018cc   0x0000000c   Code   RO         1077    i.HAL_GetTick       stm32g4xx_hal.o
    0x080018d8   0x080018d8   0x00000010   Code   RO         1083    i.HAL_IncTick       stm32g4xx_hal.o
    0x080018e8   0x080018e8   0x0000001e   Code   RO         1084    i.HAL_Init          stm32g4xx_hal.o
    0x08001906   0x08001906   0x00000002   PAD
    0x08001908   0x08001908   0x00000044   Code   RO         1085    i.HAL_InitTick      stm32g4xx_hal.o
    0x0800194c   0x0800194c   0x00000030   Code   RO          595    i.HAL_MspInit       stm32g4xx_hal_msp.o
    0x0800197c   0x0800197c   0x0000001a   Code   RO         2445    i.HAL_NVIC_EnableIRQ  stm32g4xx_hal_cortex.o
    0x08001996   0x08001996   0x00000002   PAD
    0x08001998   0x08001998   0x00000040   Code   RO         2451    i.HAL_NVIC_SetPriority  stm32g4xx_hal_cortex.o
    0x080019d8   0x080019d8   0x00000024   Code   RO         2452    i.HAL_NVIC_SetPriorityGrouping  stm32g4xx_hal_cortex.o
    0x080019fc   0x080019fc   0x000000bc   Code   RO         2201    i.HAL_PWREx_ControlVoltageScaling  stm32g4xx_hal_pwr_ex.o
    0x08001ab8   0x08001ab8   0x00000010   Code   RO         2213    i.HAL_PWREx_DisableUCPDDeadBattery  stm32g4xx_hal_pwr_ex.o
    0x08001ac8   0x08001ac8   0x00000300   Code   RO         1444    i.HAL_RCCEx_PeriphCLKConfig  stm32g4xx_hal_rcc_ex.o
    0x08001dc8   0x08001dc8   0x000001dc   Code   RO         1319    i.HAL_RCC_ClockConfig  stm32g4xx_hal_rcc.o
    0x08001fa4   0x08001fa4   0x00000024   Code   RO         1327    i.HAL_RCC_GetPCLK1Freq  stm32g4xx_hal_rcc.o
    0x08001fc8   0x08001fc8   0x00000024   Code   RO         1328    i.HAL_RCC_GetPCLK2Freq  stm32g4xx_hal_rcc.o
    0x08001fec   0x08001fec   0x00000070   Code   RO         1329    i.HAL_RCC_GetSysClockFreq  stm32g4xx_hal_rcc.o
    0x0800205c   0x0800205c   0x00000404   Code   RO         1332    i.HAL_RCC_OscConfig  stm32g4xx_hal_rcc.o
    0x08002460   0x08002460   0x00000028   Code   RO         2456    i.HAL_SYSTICK_Config  stm32g4xx_hal_cortex.o
    0x08002488   0x08002488   0x00000002   Code   RO         3676    i.HAL_TIMEx_Break2Callback  stm32g4xx_hal_tim_ex.o
    0x0800248a   0x0800248a   0x00000002   Code   RO         3677    i.HAL_TIMEx_BreakCallback  stm32g4xx_hal_tim_ex.o
    0x0800248c   0x0800248c   0x00000002   Code   RO         3678    i.HAL_TIMEx_CommutCallback  stm32g4xx_hal_tim_ex.o
    0x0800248e   0x0800248e   0x00000002   PAD
    0x08002490   0x08002490   0x000000a8   Code   RO         3681    i.HAL_TIMEx_ConfigBreakDeadTime  stm32g4xx_hal_tim_ex.o
    0x08002538   0x08002538   0x00000002   Code   RO         3689    i.HAL_TIMEx_DirectionChangeCallback  stm32g4xx_hal_tim_ex.o
    0x0800253a   0x0800253a   0x00000002   Code   RO         3703    i.HAL_TIMEx_EncoderIndexCallback  stm32g4xx_hal_tim_ex.o
    0x0800253c   0x0800253c   0x00000002   Code   RO         3717    i.HAL_TIMEx_IndexErrorCallback  stm32g4xx_hal_tim_ex.o
    0x0800253e   0x0800253e   0x00000002   PAD
    0x08002540   0x08002540   0x000000b8   Code   RO         3718    i.HAL_TIMEx_MasterConfigSynchronization  stm32g4xx_hal_tim_ex.o
    0x080025f8   0x080025f8   0x000000cc   Code   RO         3730    i.HAL_TIMEx_PWMN_Start  stm32g4xx_hal_tim_ex.o
    0x080026c4   0x080026c4   0x00000068   Code   RO         3733    i.HAL_TIMEx_PWMN_Stop  stm32g4xx_hal_tim_ex.o
    0x0800272c   0x0800272c   0x00000002   Code   RO         3739    i.HAL_TIMEx_TransitionErrorCallback  stm32g4xx_hal_tim_ex.o
    0x0800272e   0x0800272e   0x00000062   Code   RO         2962    i.HAL_TIM_Base_Init  stm32g4xx_hal_tim.o
    0x08002790   0x08002790   0x00000060   Code   RO          370    i.HAL_TIM_Base_MspInit  tim.o
    0x080027f0   0x080027f0   0x00000080   Code   RO         2965    i.HAL_TIM_Base_Start  stm32g4xx_hal_tim.o
    0x08002870   0x08002870   0x0000008c   Code   RO         2967    i.HAL_TIM_Base_Start_IT  stm32g4xx_hal_tim.o
    0x080028fc   0x080028fc   0x00000108   Code   RO         2971    i.HAL_TIM_ConfigClockSource  stm32g4xx_hal_tim.o
    0x08002a04   0x08002a04   0x00000002   Code   RO         2996    i.HAL_TIM_IC_CaptureCallback  stm32g4xx_hal_tim.o
    0x08002a06   0x08002a06   0x000001a2   Code   RO         3010    i.HAL_TIM_IRQHandler  stm32g4xx_hal_tim.o
    0x08002ba8   0x08002ba8   0x00000104   Code   RO          371    i.HAL_TIM_MspPostInit  tim.o
    0x08002cac   0x08002cac   0x00000002   Code   RO         3013    i.HAL_TIM_OC_DelayElapsedCallback  stm32g4xx_hal_tim.o
    0x08002cae   0x08002cae   0x00000124   Code   RO         3034    i.HAL_TIM_PWM_ConfigChannel  stm32g4xx_hal_tim.o
    0x08002dd2   0x08002dd2   0x00000062   Code   RO         3037    i.HAL_TIM_PWM_Init  stm32g4xx_hal_tim.o
    0x08002e34   0x08002e34   0x0000005c   Code   RO          373    i.HAL_TIM_PWM_MspInit  tim.o
    0x08002e90   0x08002e90   0x00000002   Code   RO         3040    i.HAL_TIM_PWM_PulseFinishedCallback  stm32g4xx_hal_tim.o
    0x08002e92   0x08002e92   0x00000002   PAD
    0x08002e94   0x08002e94   0x00000114   Code   RO         3042    i.HAL_TIM_PWM_Start  stm32g4xx_hal_tim.o
    0x08002fa8   0x08002fa8   0x000000b8   Code   RO         3045    i.HAL_TIM_PWM_Stop  stm32g4xx_hal_tim.o
    0x08003060   0x08003060   0x00000050   Code   RO         4697    i.HAL_TIM_PeriodElapsedCallback  supercap_1.o
    0x080030b0   0x080030b0   0x00000002   Code   RO         3053    i.HAL_TIM_TriggerCallback  stm32g4xx_hal_tim.o
    0x080030b2   0x080030b2   0x0000003e   Code   RO         4525    i.HAL_UARTEx_DisableFifoMode  stm32g4xx_hal_uart_ex.o
    0x080030f0   0x080030f0   0x0000004c   Code   RO         4534    i.HAL_UARTEx_SetRxFifoThreshold  stm32g4xx_hal_uart_ex.o
    0x0800313c   0x0800313c   0x0000004c   Code   RO         4535    i.HAL_UARTEx_SetTxFifoThreshold  stm32g4xx_hal_uart_ex.o
    0x08003188   0x08003188   0x00000002   Code   RO         4130    i.HAL_UART_ErrorCallback  stm32g4xx_hal_uart.o
    0x0800318a   0x0800318a   0x0000006a   Code   RO         4134    i.HAL_UART_Init     stm32g4xx_hal_uart.o
    0x080031f4   0x080031f4   0x00000160   Code   RO          454    i.HAL_UART_MspInit  usart.o
    0x08003354   0x08003354   0x00000090   Code   RO         4144    i.HAL_UART_Transmit_DMA  stm32g4xx_hal_uart.o
    0x080033e4   0x080033e4   0x00000002   Code   RO         4146    i.HAL_UART_TxCpltCallback  stm32g4xx_hal_uart.o
    0x080033e6   0x080033e6   0x00000002   Code   RO         4147    i.HAL_UART_TxHalfCpltCallback  stm32g4xx_hal_uart.o
    0x080033e8   0x080033e8   0x00000002   Code   RO          509    i.HardFault_Handler  stm32g4xx_it.o
    0x080033ea   0x080033ea   0x0000000c   Code   RO          649    i.LL_ADC_GetOffsetChannel  stm32g4xx_hal_adc.o
    0x080033f6   0x080033f6   0x00000008   Code   RO          650    i.LL_ADC_INJ_IsConversionOngoing  stm32g4xx_hal_adc.o
    0x080033fe   0x080033fe   0x00000008   Code   RO          651    i.LL_ADC_REG_IsConversionOngoing  stm32g4xx_hal_adc.o
    0x08003406   0x08003406   0x00000008   Code   RO          884    i.LL_ADC_REG_IsConversionOngoing  stm32g4xx_hal_adc_ex.o
    0x0800340e   0x0800340e   0x00000010   Code   RO          652    i.LL_ADC_REG_IsTriggerSourceSWStart  stm32g4xx_hal_adc.o
    0x0800341e   0x0800341e   0x0000001e   Code   RO          654    i.LL_ADC_SetChannelSamplingTime  stm32g4xx_hal_adc.o
    0x0800343c   0x0800343c   0x00000010   Code   RO          655    i.LL_ADC_SetOffsetState  stm32g4xx_hal_adc.o
    0x0800344c   0x0800344c   0x000000ac   Code   RO          238    i.MX_ADC1_Init      adc.o
    0x080034f8   0x080034f8   0x000000b4   Code   RO          239    i.MX_ADC2_Init      adc.o
    0x080035ac   0x080035ac   0x000000c8   Code   RO          240    i.MX_ADC3_Init      adc.o
    0x08003674   0x08003674   0x00000098   Code   RO          241    i.MX_ADC4_Init      adc.o
    0x0800370c   0x0800370c   0x00000080   Code   RO          242    i.MX_ADC5_Init      adc.o
    0x0800378c   0x0800378c   0x0000003c   Code   RO          303    i.MX_DMA_Init       dma.o
    0x080037c8   0x080037c8   0x00000050   Code   RO          329    i.MX_FDCAN1_Init    fdcan.o
    0x08003818   0x08003818   0x000000a0   Code   RO          212    i.MX_GPIO_Init      gpio.o
    0x080038b8   0x080038b8   0x000000c4   Code   RO          374    i.MX_TIM1_Init      tim.o
    0x0800397c   0x0800397c   0x00000068   Code   RO          375    i.MX_TIM2_Init      tim.o
    0x080039e4   0x080039e4   0x00000098   Code   RO          376    i.MX_TIM3_Init      tim.o
    0x08003a7c   0x08003a7c   0x00000084   Code   RO          377    i.MX_TIM4_Init      tim.o
    0x08003b00   0x08003b00   0x00000068   Code   RO          378    i.MX_TIM5_Init      tim.o
    0x08003b68   0x08003b68   0x00000068   Code   RO          455    i.MX_USART1_UART_Init  usart.o
    0x08003bd0   0x08003bd0   0x00000068   Code   RO          456    i.MX_USART2_UART_Init  usart.o
    0x08003c38   0x08003c38   0x00000068   Code   RO          457    i.MX_USART3_UART_Init  usart.o
    0x08003ca0   0x08003ca0   0x00000002   Code   RO          510    i.MemManage_Handler  stm32g4xx_it.o
    0x08003ca2   0x08003ca2   0x00000002   Code   RO          511    i.NMI_Handler       stm32g4xx_it.o
    0x08003ca4   0x08003ca4   0x00000002   Code   RO          512    i.PendSV_Handler    stm32g4xx_it.o
    0x08003ca6   0x08003ca6   0x00000002   Code   RO          513    i.SVC_Handler       stm32g4xx_it.o
    0x08003ca8   0x08003ca8   0x00000018   Code   RO         4698    i.Supercap_ADC_to_Current_Funtion  supercap_1.o
    0x08003cc0   0x08003cc0   0x0000002c   Code   RO         4699    i.Supercap_ADC_to_Voltage_Funtion  supercap_1.o
    0x08003cec   0x08003cec   0x00000014   Code   RO         4701    i.Supercap_AUX_BlueLED  supercap_1.o
    0x08003d00   0x08003d00   0x00000180   Code   RO         4702    i.Supercap_AUX_Buzzer  supercap_1.o
    0x08003e80   0x08003e80   0x0000004c   Code   RO         4703    i.Supercap_AUX_Init  supercap_1.o
    0x08003ecc   0x08003ecc   0x00000014   Code   RO         4704    i.Supercap_AUX_MachineSpirit  supercap_1.o
    0x08003ee0   0x08003ee0   0x00000018   Code   RO         4706    i.Supercap_AUX_YellowLED  supercap_1.o
    0x08003ef8   0x08003ef8   0x00000028   Code   RO         4708    i.Supercap_Compare  supercap_1.o
    0x08003f20   0x08003f20   0x0000002c   Code   RO         4709    i.Supercap_DCDC_Start  supercap_1.o
    0x08003f4c   0x08003f4c   0x0000002c   Code   RO         4710    i.Supercap_DCDC_Stop  supercap_1.o
    0x08003f78   0x08003f78   0x000001f0   Code   RO         4711    i.Supercap_FSM      supercap_1.o
    0x08004168   0x08004168   0x00000014   Code   RO         4713    i.Supercap_First_Order_Filter_ADC_Function_Alpha  supercap_1.o
    0x0800417c   0x0800417c   0x00000008   Code   RO         4714    i.Supercap_Function_Init  supercap_1.o
    0x08004184   0x08004184   0x00000010   Code   RO         4715    i.Supercap_Limit    supercap_1.o
    0x08004194   0x08004194   0x000000a6   Code   RO         4716    i.Supercap_PID_Controller_Function  supercap_1.o
    0x0800423a   0x0800423a   0x0000000c   Code   RO         4717    i.Supercap_PID_Init  supercap_1.o
    0x08004246   0x08004246   0x00000002   PAD
    0x08004248   0x08004248   0x00000014   Code   RO         4720    i.Supercap_PWM_left  supercap_1.o
    0x0800425c   0x0800425c   0x00000004   Code   RO          514    i.SysTick_Handler   stm32g4xx_it.o
    0x08004260   0x08004260   0x0000006a   Code   RO           14    i.SystemClock_Config  main.o
    0x080042ca   0x080042ca   0x00000002   PAD
    0x080042cc   0x080042cc   0x00000010   Code   RO         4644    i.SystemInit        system_stm32g4xx.o
    0x080042dc   0x080042dc   0x0000000c   Code   RO          515    i.TIM2_IRQHandler   stm32g4xx_it.o
    0x080042e8   0x080042e8   0x00000044   Code   RO         4722    i.TIM2_NVIC         supercap_1.o
    0x0800432c   0x0800432c   0x0000000c   Code   RO          516    i.TIM5_IRQHandler   stm32g4xx_it.o
    0x08004338   0x08004338   0x00000118   Code   RO         4723    i.TIM5_NVIC         supercap_1.o
    0x08004450   0x08004450   0x000000e4   Code   RO         3055    i.TIM_Base_SetConfig  stm32g4xx_hal_tim.o
    0x08004534   0x08004534   0x0000001a   Code   RO         3056    i.TIM_CCxChannelCmd  stm32g4xx_hal_tim.o
    0x0800454e   0x0800454e   0x0000001a   Code   RO         3742    i.TIM_CCxNChannelCmd  stm32g4xx_hal_tim_ex.o
    0x08004568   0x08004568   0x00000014   Code   RO         3066    i.TIM_ETR_SetConfig  stm32g4xx_hal_tim.o
    0x0800457c   0x0800457c   0x00000014   Code   RO         3067    i.TIM_ITRx_SetConfig  stm32g4xx_hal_tim.o
    0x08004590   0x08004590   0x000000ac   Code   RO         3068    i.TIM_OC1_SetConfig  stm32g4xx_hal_tim.o
    0x0800463c   0x0800463c   0x000000a0   Code   RO         3069    i.TIM_OC2_SetConfig  stm32g4xx_hal_tim.o
    0x080046dc   0x080046dc   0x000000a0   Code   RO         3070    i.TIM_OC3_SetConfig  stm32g4xx_hal_tim.o
    0x0800477c   0x0800477c   0x000000a0   Code   RO         3071    i.TIM_OC4_SetConfig  stm32g4xx_hal_tim.o
    0x0800481c   0x0800481c   0x00000078   Code   RO         3072    i.TIM_OC5_SetConfig  stm32g4xx_hal_tim.o
    0x08004894   0x08004894   0x0000007c   Code   RO         3073    i.TIM_OC6_SetConfig  stm32g4xx_hal_tim.o
    0x08004910   0x08004910   0x00000022   Code   RO         3075    i.TIM_TI1_ConfigInputStage  stm32g4xx_hal_tim.o
    0x08004932   0x08004932   0x00000024   Code   RO         3077    i.TIM_TI2_ConfigInputStage  stm32g4xx_hal_tim.o
    0x08004956   0x08004956   0x00000002   PAD
    0x08004958   0x08004958   0x00000044   Code   RO         4539    i.UARTEx_SetNbDataToProcess  stm32g4xx_hal_uart_ex.o
    0x0800499c   0x0800499c   0x000000c8   Code   RO         4148    i.UART_AdvFeatureConfig  stm32g4xx_hal_uart.o
    0x08004a64   0x08004a64   0x000000ac   Code   RO         4149    i.UART_CheckIdleState  stm32g4xx_hal_uart.o
    0x08004b10   0x08004b10   0x00000050   Code   RO         4151    i.UART_DMAError     stm32g4xx_hal_uart.o
    0x08004b60   0x08004b60   0x00000042   Code   RO         4156    i.UART_DMATransmitCplt  stm32g4xx_hal_uart.o
    0x08004ba2   0x08004ba2   0x0000000a   Code   RO         4158    i.UART_DMATxHalfCplt  stm32g4xx_hal_uart.o
    0x08004bac   0x08004bac   0x00000054   Code   RO         4160    i.UART_EndRxTransfer  stm32g4xx_hal_uart.o
    0x08004c00   0x08004c00   0x0000002e   Code   RO         4161    i.UART_EndTxTransfer  stm32g4xx_hal_uart.o
    0x08004c2e   0x08004c2e   0x00000002   PAD
    0x08004c30   0x08004c30   0x00000298   Code   RO         4166    i.UART_SetConfig    stm32g4xx_hal_uart.o
    0x08004ec8   0x08004ec8   0x00000094   Code   RO         4173    i.UART_WaitOnFlagUntilTimeout  stm32g4xx_hal_uart.o
    0x08004f5c   0x08004f5c   0x00000002   Code   RO          517    i.UsageFault_Handler  stm32g4xx_it.o
    0x08004f5e   0x08004f5e   0x00000020   Code   RO         2458    i.__NVIC_SetPriority  stm32g4xx_hal_cortex.o
    0x08004f7e   0x08004f7e   0x0000000e   Code   RO         4907    i.__scatterload_copy  mc_w.l(handlers.o)
    0x08004f8c   0x08004f8c   0x00000002   Code   RO         4908    i.__scatterload_null  mc_w.l(handlers.o)
    0x08004f8e   0x08004f8e   0x0000000e   Code   RO         4909    i.__scatterload_zeroinit  mc_w.l(handlers.o)
    0x08004f9c   0x08004f9c   0x00000360   Code   RO           16    i.main              main.o
    0x080052fc   0x080052fc   0x00000046   Data   RO           18    .constdata          main.o
    0x08005342   0x08005342   0x00000018   Data   RO         4174    .constdata          stm32g4xx_hal_uart.o
    0x0800535a   0x0800535a   0x00000010   Data   RO         4540    .constdata          stm32g4xx_hal_uart_ex.o
    0x0800536a   0x0800536a   0x00000010   Data   RO         4645    .constdata          system_stm32g4xx.o
    0x0800537a   0x0800537a   0x00000008   Data   RO         4646    .constdata          system_stm32g4xx.o
    0x08005382   0x08005382   0x00000002   PAD
    0x08005384   0x08005384   0x00000020   Data   RO         4905    Region$$Table       anon$$obj.o


    Execution Region RW_IRAM1 (Exec base: 0x20000000, Load base: 0x080053a4, Size: 0x00000d38, Max: 0x00020000, ABSOLUTE)

    Exec Addr    Load Addr    Size         Type   Attr      Idx    E Section Name        Object

    0x20000000   0x080053a4   0x00000040   Data   RW           20    .data               main.o
    0x20000040   0x080053e4   0x00000004   Data   RW           22    .data               main.o
    0x20000044   0x080053e8   0x00000008   Data   RW          244    .data               adc.o
    0x2000004c   0x080053f0   0x0000000c   Data   RW         1104    .data               stm32g4xx_hal.o
    0x20000058   0x080053fc   0x00000004   Data   RW         4647    .data               system_stm32g4xx.o
    0x2000005c   0x08005400   0x00000006   Data   RW         4724    .data               supercap_1.o
    0x20000062   0x08005406   0x00000002   PAD
    0x20000064        -       0x00000138   Zero   RW           17    .bss                main.o
    0x2000019c        -       0x0000039c   Zero   RW          243    .bss                adc.o
    0x20000538        -       0x00000064   Zero   RW          330    .bss                fdcan.o
    0x2000059c        -       0x0000017c   Zero   RW          379    .bss                tim.o
    0x20000718        -       0x0000021c   Zero   RW          458    .bss                usart.o
    0x20000934   0x08005406   0x00000004   PAD
    0x20000938        -       0x00000400   Zero   RW            1    STACK               startup_stm32g473xx.o


==============================================================================

Image component sizes


      Code (inc. data)   RO Data    RW Data    ZI Data      Debug   Object Name

      1636        142          0          8        924       5993   adc.o
        60          6          0          0          0        926   dma.o
       204         18          0          0        100       1975   fdcan.o
       160         10          0          0          0       1123   gpio.o
       974         86         70         68        312     785568   main.o
        36          8        472          0       1024        884   startup_stm32g473xx.o
       162         24          0         12          0       4669   stm32g4xx_hal.o
      2536        186          0          0          0      83127   stm32g4xx_hal_adc.o
       508         36          0          0          0      70577   stm32g4xx_hal_adc_ex.o
       198         14          0          0          0      34135   stm32g4xx_hal_cortex.o
       494         30          0          0          0       4422   stm32g4xx_hal_dma.o
       536         24          0          0          0       3953   stm32g4xx_hal_fdcan.o
       594         34          0          0          0       2492   stm32g4xx_hal_gpio.o
        48          6          0          0          0        962   stm32g4xx_hal_msp.o
       204         18          0          0          0       1505   stm32g4xx_hal_pwr_ex.o
      1688         92          0          0          0       6576   stm32g4xx_hal_rcc.o
       768         10          0          0          0       2060   stm32g4xx_hal_rcc_ex.o
      3166        364          0          0          0      21288   stm32g4xx_hal_tim.o
       700         82          0          0          0       9209   stm32g4xx_hal_tim_ex.o
      1726         88         24          0          0      31035   stm32g4xx_hal_uart.o
       282          6         16          0          0       3921   stm32g4xx_hal_uart_ex.o
        44         12          0          0          0       5650   stm32g4xx_it.o
      1886        214          0          6          0      15772   supercap_1.o
        16          4         24          4          0       1279   system_stm32g4xx.o
      1136         96          0          0        380       6534   tim.o
       664         62          0          0        540       3719   usart.o

    ----------------------------------------------------------------------
     20450       1672        640        100       3284    1109354   Object Totals
         0          0         32          0          0          0   (incl. Generated)
        24          0          2          2          4          0   (incl. Padding)

    ----------------------------------------------------------------------

      Code (inc. data)   RO Data    RW Data    ZI Data      Debug   Library Member Name

         0          0          0          0          0          0   entry.o
         0          0          0          0          0          0   entry10a.o
         0          0          0          0          0          0   entry11a.o
         4          0          0          0          0          0   entry12b.o
         8          4          0          0          0          0   entry2.o
         4          0          0          0          0          0   entry5.o
         0          0          0          0          0          0   entry7b.o
         0          0          0          0          0          0   entry8b.o
         8          4          0          0          0          0   entry9a.o
        30          0          0          0          0          0   handlers.o
        36          8          0          0          0         68   init.o
        30          0          0          0          0         68   llshl.o
        32          0          0          0          0         68   llushr.o
        36          0          0          0          0         68   memcpya.o
        36          0          0          0          0        108   memseta.o
        98          0          0          0          0         92   uldiv.o

    ----------------------------------------------------------------------
       322         16          0          0          0        472   Library Totals
         0          0          0          0          0          0   (incl. Padding)

    ----------------------------------------------------------------------

      Code (inc. data)   RO Data    RW Data    ZI Data      Debug   Library Name

       322         16          0          0          0        472   mc_w.l

    ----------------------------------------------------------------------
       322         16          0          0          0        472   Library Totals

    ----------------------------------------------------------------------

==============================================================================


      Code (inc. data)   RO Data    RW Data    ZI Data      Debug   

     20772       1688        640        100       3284    1095174   Grand Totals
     20772       1688        640        100       3284    1095174   ELF Image Totals
     20772       1688        640        100          0          0   ROM Totals

==============================================================================

    Total RO  Size (Code + RO Data)                21412 (  20.91kB)
    Total RW  Size (RW Data + ZI Data)              3384 (   3.30kB)
    Total ROM Size (Code + RO Data + RW Data)      21512 (  21.01kB)

==============================================================================

