<html>
<body>
<pre>
<h1>µVision Build Log</h1>
<h2>Tool Versions:</h2>
IDE-Version: µVision V5.38.0.0
Copyright (C) 2022 ARM Ltd and ARM Germany GmbH. All rights reserved.
License Information: purduerobomaster purduerobomaster, purduerobomaster, LIC=D0D7S-LQ4Q8-30TNC-7ESGH-G89HK-2VFB5
 
Tool Versions:
Toolchain:       MDK-ARM Plus  Version: 5.38.0.0
Toolchain Path:  C:\Keil_v5\ARM\ARMCC\Bin
C Compiler:      Armcc.exe V5.06 update 7 (build 960)
Assembler:       Armasm.exe V5.06 update 7 (build 960)
Linker/Locator:  ArmLink.exe V5.06 update 7 (build 960)
Library Manager: ArmAr.exe V5.06 update 7 (build 960)
Hex Converter:   FromElf.exe V5.06 update 7 (build 960)
CPU DLL:         SARMCM3.DLL V5.38.0.0
Dialog DLL:      DCM.DLL V1.17.5.0
Target DLL:      STLink\ST-LINKIII-KEIL_SWO.dll V3.1.0.0
Dialog DLL:      TCM.DLL V1.56.4.0
 
<h2>Project:</h2>
C:\Users\purdu\Desktop\Super Cap special folder\PurdueRMSuperCap\Code\SuperCapCodeG4\MDK-ARM\SuperCapCodeG4.uvprojx
Project File Date:  06/06/2024

<h2>Output:</h2>
*** Using Compiler 'V5.06 update 7 (build 960)', folder: 'C:\Keil_v5\ARM\ARMCC\Bin'
Build target 'SuperCapCodeG4'
Note: source file '..\Core\Src\supercap.c' - object file renamed from 'SuperCapCodeG4\supercap.o' to 'SuperCapCodeG4\supercap_1.o'.
compiling main.c...
../Core/Inc/supercap.h(70): warning:  #1295-D: Deprecated declaration TIM2_NVIC - give arg types
  void TIM2_NVIC();
../Core/Inc/supercap.h(71): warning:  #1295-D: Deprecated declaration TIM5_NVIC - give arg types
  void TIM5_NVIC();
../Core/Src/main.c: 2 warnings, 0 errors
linking...
Program Size: Code=18652 RO-data=568 RW-data=48 ZI-data=3128  
FromELF: creating hex file...
"SuperCapCodeG4\SuperCapCodeG4.axf" - 0 Error(s), 2 Warning(s).

<h2>Software Packages used:</h2>

Package Vendor: ARM
                http://www.keil.com/pack/ARM.CMSIS.5.9.0.pack
                ARM.CMSIS.5.9.0
                CMSIS (Common Microcontroller Software Interface Standard)
   * Component: CORE Version: 5.6.0

Package Vendor: Keil
                https://www.keil.com/pack/Keil.STM32G4xx_DFP.1.5.0.pack
                Keil.STM32G4xx_DFP.1.5.0
                STMicroelectronics STM32G4 Series Device Support, Drivers and Examples

<h2>Collection of Component include folders:</h2>
  ./RTE/_SuperCapCodeG4
  C:/Users/purdu/AppData/Local/Arm/Packs/ARM/CMSIS/5.9.0/CMSIS/Core/Include
  C:/Users/purdu/AppData/Local/Arm/Packs/Keil/STM32G4xx_DFP/1.5.0/Drivers/CMSIS/Device/ST/STM32G4xx/Include

<h2>Collection of Component Files used:</h2>

   * Component: ARM::CMSIS:CORE:5.6.0
      Include file:  CMSIS/Core/Include/tz_context.h
Build Time Elapsed:  00:00:02
</pre>
</body>
</html>
